81.73.150.239 - - [10/Oct/2013:00:03:12 ] "GET /list HTTP/1.0" 200 2827 "http://searchengine.com" "Mozilla/5.0 (Windows; U; MSIE 9.0; WIndows NT 9.0; en-US))"
218.193.16.244 - - [10/Oct/2013:00:07:17 ] "GET /xmlrpc.php HTTP/1.0" 200 2584 "http://yahoo.com/top_online_shops" "Mozilla/5.0 (Windows; U; MSIE 9.0; WIndows NT 9.0; en-US))"
16.180.70.237 - - [10/Oct/2013:00:08:04 ] "GET /search/tag/list HTTP/1.0" 200 3482 "http://cred.club" "Mozilla/4.0 (compatible; MSIE 7.0; Windows NT 6.0)"
16.180.70.237 - - [10/Oct/2013:00:12:36 ] "GET /list HTTP/1.0" 200 2778 "http://cred.club" "Mozilla/5.0 (Windows; U; MSIE 9.0; WIndows NT 9.0; en-US))"
244.157.45.12 - - [10/Oct/2013:00:15:54 ] "GET /xmlrpc.php HTTP/1.0" 200 2445 "http://cred.club" "Mozilla/5.0 (Macintosh; Intel Mac OS X 10_9_2) AppleWebKit/537.36 (KHTML, like Gecko) Chrome/36.0.1944.0 Safari/537.36"
123.221.14.56 - - [10/Oct/2013:00:17:18 ] "GET /apps/cart.php?appID= HTTP/1.0" 200 2794 "http://searchengine.com" "Mozilla/5.0 (Windows; U; Windows NT 6.1; rv:2.2) Gecko/20110201"
237.43.24.118 - - [10/Oct/2013:00:22:00 ] "GET /posts/posts/explore HTTP/1.0" 200 3235 "http://yahoo.com/top_online_shops" "Mozilla/5.0 (Windows; U; Windows NT 6.1; rv:2.2) Gecko/20110201"
244.157.45.12 - - [10/Oct/2013:00:26:52 ] "GET /wp-admin HTTP/1.0" 200 3577 "http://yahoo.com/top_online_shops" "Mozilla/5.0 (iPad; CPU OS 6_0 like Mac OS X) AppleWebKit/536.26 (KHTML, like Gecko) Version/6.0 Mobile/10A5355d Safari/8536.25"
237.43.24.118 - - [10/Oct/2013:00:27:41 ] "GET /explore HTTP/1.0" 200 2012 "http://yahoo.com/top_online_shops" "Mozilla/5.0 (Macintosh; Intel Mac OS X 10_9_2) AppleWebKit/537.36 (KHTML, like Gecko) Chrome/36.0.1944.0 Safari/537.36"
233.192.62.103 - - [10/Oct/2013:00:28:45 ] "GET /xmlrpc.php HTTP/1.0" 200 2000 "http://www.makemypayments.com" "Mozilla/5.0 (Windows NT 5.1; rv:31.0) Gecko/20100101 Firefox/31.0"
198.122.118.164 - - [10/Oct/2013:00:31:46 ] "GET /app/main/posts HTTP/1.0" 200 2634 "http://searchengine.com" "Mozilla/5.0 (Linux; U; Android 2.3.5; en-us; HTC Vision Build/GRI40) AppleWebKit/533.1 (KHTML, like Gecko) Version/4.0 Mobile Safari/533.1"
233.192.62.103 - - [10/Oct/2013:00:36:41 ] "GET /search/tag/list HTTP/1.0" 200 3386 "http://yahoo.com/top_online_shops" "Mozilla/5.0 (Windows; U; Windows NT 6.1; rv:2.2) Gecko/20110201"
123.221.14.56 - - [10/Oct/2013:00:39:57 ] "GET /list HTTP/1.0" 200 2731 "http://cred.club" "Mozilla/5.0 (Windows; U; Windows NT 6.1; rv:2.2) Gecko/20110201"
233.192.62.103 - - [10/Oct/2013:00:43:31 ] "GET /xmlrpc.php HTTP/1.0" 200 4658 "http://searchengine.com" "Mozilla/5.0 (Macintosh; Intel Mac OS X 10_9_2) AppleWebKit/537.36 (KHTML, like Gecko) Chrome/36.0.1944.0 Safari/537.36"
81.73.150.239 - - [10/Oct/2013:00:45:50 ] "GET /wp-content HTTP/1.0" 200 3746 "http://searchengine.com" "Mozilla/5.0 (Windows NT 5.1; rv:31.0) Gecko/20100101 Firefox/31.0"
16.180.70.237 - - [10/Oct/2013:00:47:40 ] "GET /wp-content HTTP/1.0" 200 4329 "http://yahoo.com/top_online_shops" "Mozilla/5.0 (Windows; U; Windows NT 6.1; rv:2.2) Gecko/20110201"
10.182.189.79 - - [10/Oct/2013:00:48:42 ] "GET /list HTTP/1.0" 200 2938 "http://cred.club" "Mozilla/5.0 (Linux; U; Android 2.3.5; en-us; HTC Vision Build/GRI40) AppleWebKit/533.1 (KHTML, like Gecko) Version/4.0 Mobile Safari/533.1"
10.182.189.79 - - [10/Oct/2013:00:51:47 ] "GET /apps/cart.php?appID= HTTP/1.0" 200 4781 "http://yahoo.com/top_online_shops" "Mozilla/5.0 (Windows; U; Windows NT 6.1; rv:2.2) Gecko/20110201"
81.73.150.239 - - [10/Oct/2013:00:52:36 ] "GET /wp-content HTTP/1.0" 200 4155 "http://www.makemypayments.com" "Mozilla/4.0 (compatible; MSIE 7.0; Windows NT 6.0)"
244.157.45.12 - - [10/Oct/2013:00:53:51 ] "GET /posts/posts/explore HTTP/1.0" 200 2595 "http://www.makemypayments.com" "Mozilla/5.0 (Windows NT 5.1; rv:31.0) Gecko/20100101 Firefox/31.0"
218.193.16.244 - - [10/Oct/2013:00:57:46 ] "GET /wp-admin HTTP/1.0" 200 4239 "http://www.makemypayments.com" "Mozilla/5.0 (Macintosh; Intel Mac OS X 10_9_2) AppleWebKit/537.36 (KHTML, like Gecko) Chrome/36.0.1944.0 Safari/537.36"
114.214.178.92 - - [10/Oct/2013:00:59:49 ] "GET /app/main/posts HTTP/1.0" 200 2095 "http://www.makemypayments.com" "Mozilla/5.0 (Linux; U; Android 2.3.5; en-us; HTC Vision Build/GRI40) AppleWebKit/533.1 (KHTML, like Gecko) Version/4.0 Mobile Safari/533.1"
233.192.62.103 - - [10/Oct/2013:01:03:02 ] "GET /search/tag/list HTTP/1.0" 200 3539 "http://www.makemypayments.com" "Mozilla/5.0 (Linux; U; Android 2.3.5; en-us; HTC Vision Build/GRI40) AppleWebKit/533.1 (KHTML, like Gecko) Version/4.0 Mobile Safari/533.1"
237.43.24.118 - - [10/Oct/2013:01:04:37 ] "GET /app/main/posts HTTP/1.0" 200 4648 "http://cred.club" "Mozilla/5.0 (Linux; U; Android 2.3.5; en-us; HTC Vision Build/GRI40) AppleWebKit/533.1 (KHTML, like Gecko) Version/4.0 Mobile Safari/533.1"
233.192.62.103 - - [10/Oct/2013:01:05:31 ] "GET /wp-admin HTTP/1.0" 200 3882 "http://cred.club" "Mozilla/5.0 (Windows; U; MSIE 9.0; WIndows NT 9.0; en-US))"
237.43.24.118 - - [10/Oct/2013:01:06:42 ] "GET /explore HTTP/1.0" 200 3861 "http://www.makemypayments.com" "Mozilla/5.0 (Macintosh; Intel Mac OS X 10_9_2) AppleWebKit/537.36 (KHTML, like Gecko) Chrome/36.0.1944.0 Safari/537.36"
218.193.16.244 - - [10/Oct/2013:01:08:45 ] "GET /xmlrpc.php HTTP/1.0" 200 3710 "http://yahoo.com/top_online_shops" "Mozilla/5.0 (Macintosh; Intel Mac OS X 10_9_2) AppleWebKit/537.36 (KHTML, like Gecko) Chrome/36.0.1944.0 Safari/537.36"
123.221.14.56 - - [10/Oct/2013:01:09:53 ] "GET /search/tag/list HTTP/1.0" 200 3233 "http://yahoo.com/top_online_shops" "Mozilla/5.0 (Windows; U; Windows NT 6.1; rv:2.2) Gecko/20110201"
198.122.118.164 - - [10/Oct/2013:01:13:59 ] "GET /search/tag/list HTTP/1.0" 200 4518 "http://searchengine.com" "Mozilla/5.0 (Macintosh; Intel Mac OS X 10_9_2) AppleWebKit/537.36 (KHTML, like Gecko) Chrome/36.0.1944.0 Safari/537.36"
81.73.150.239 - - [10/Oct/2013:01:15:10 ] "GET /search/tag/list HTTP/1.0" 200 3511 "http://cred.club" "Mozilla/5.0 (Windows; U; MSIE 9.0; WIndows NT 9.0; en-US))"
198.122.118.164 - - [10/Oct/2013:01:19:12 ] "GET /posts/posts/explore HTTP/1.0" 200 2432 "http://yahoo.com/top_online_shops" "Mozilla/5.0 (Windows; U; MSIE 9.0; WIndows NT 9.0; en-US))"
218.193.16.244 - - [10/Oct/2013:01:21:53 ] "GET /wp-content HTTP/1.0" 200 2062 "http://searchengine.com" "Mozilla/5.0 (Macintosh; Intel Mac OS X 10_9_2) AppleWebKit/537.36 (KHTML, like Gecko) Chrome/36.0.1944.0 Safari/537.36"
198.122.118.164 - - [10/Oct/2013:01:24:35 ] "GET /wp-content HTTP/1.0" 200 4985 "http://www.makemypayments.com" "Mozilla/4.0 (compatible; MSIE 7.0; Windows NT 6.0)"
233.192.62.103 - - [10/Oct/2013:01:25:25 ] "GET /apps/cart.php?appID= HTTP/1.0" 200 3873 "-" "Mozilla/5.0 (Windows; U; Windows NT 6.1; rv:2.2) Gecko/20110201"
123.221.14.56 - - [10/Oct/2013:01:26:46 ] "GET /app/main/posts HTTP/1.0" 200 4265 "-" "Mozilla/5.0 (Windows; U; Windows NT 6.1; rv:2.2) Gecko/20110201"
10.182.189.79 - - [10/Oct/2013:01:27:57 ] "GET /search/tag/list HTTP/1.0" 200 4329 "http://searchengine.com" "Mozilla/5.0 (Windows NT 5.1; rv:31.0) Gecko/20100101 Firefox/31.0"
198.122.118.164 - - [10/Oct/2013:01:31:05 ] "GET /search/tag/list HTTP/1.0" 200 4087 "http://yahoo.com/top_online_shops" "Mozilla/5.0 (Linux; U; Android 2.3.5; en-us; HTC Vision Build/GRI40) AppleWebKit/533.1 (KHTML, like Gecko) Version/4.0 Mobile Safari/533.1"
10.182.189.79 - - [10/Oct/2013:01:34:23 ] "GET /wp-content HTTP/1.0" 200 2938 "http://searchengine.com" "Mozilla/5.0 (Windows; U; Windows NT 6.1; rv:2.2) Gecko/20110201"
114.214.178.92 - - [10/Oct/2013:01:38:56 ] "GET /search/tag/list HTTP/1.0" 200 2301 "http://www.makemypayments.com" "Mozilla/5.0 (Linux; U; Android 2.3.5; en-us; HTC Vision Build/GRI40) AppleWebKit/533.1 (KHTML, like Gecko) Version/4.0 Mobile Safari/533.1"
114.214.178.92 - - [10/Oct/2013:01:41:25 ] "GET /wp-admin HTTP/1.0" 200 3070 "-" "Mozilla/5.0 (Macintosh; Intel Mac OS X 10_9_2) AppleWebKit/537.36 (KHTML, like Gecko) Chrome/36.0.1944.0 Safari/537.36"
233.192.62.103 - - [10/Oct/2013:01:45:27 ] "GET /posts/posts/explore HTTP/1.0" 200 3196 "http://www.makemypayments.com" "Mozilla/5.0 (Macintosh; Intel Mac OS X 10_9_2) AppleWebKit/537.36 (KHTML, like Gecko) Chrome/36.0.1944.0 Safari/537.36"
198.122.118.164 - - [10/Oct/2013:01:48:37 ] "GET /xmlrpc.php HTTP/1.0" 200 2533 "http://searchengine.com" "Mozilla/5.0 (Windows; U; MSIE 9.0; WIndows NT 9.0; en-US))"
81.73.150.239 - - [10/Oct/2013:01:51:30 ] "GET /xmlrpc.php HTTP/1.0" 200 3460 "-" "Mozilla/5.0 (Windows NT 5.1; rv:31.0) Gecko/20100101 Firefox/31.0"
16.180.70.237 - - [10/Oct/2013:01:53:45 ] "GET /wp-admin HTTP/1.0" 200 2294 "http://yahoo.com/top_online_shops" "Mozilla/5.0 (iPad; CPU OS 6_0 like Mac OS X) AppleWebKit/536.26 (KHTML, like Gecko) Version/6.0 Mobile/10A5355d Safari/8536.25"
218.193.16.244 - - [10/Oct/2013:01:55:21 ] "GET /apps/cart.php?appID= HTTP/1.0" 200 2085 "-" "Mozilla/5.0 (Windows; U; Windows NT 6.1; rv:2.2) Gecko/20110201"
81.73.150.239 - - [10/Oct/2013:01:59:28 ] "GET /search/tag/list HTTP/1.0" 200 2477 "http://www.makemypayments.com" "Mozilla/5.0 (iPad; CPU OS 6_0 like Mac OS X) AppleWebKit/536.26 (KHTML, like Gecko) Version/6.0 Mobile/10A5355d Safari/8536.25"
218.193.16.244 - - [10/Oct/2013:02:02:18 ] "GET /wp-content HTTP/1.0" 200 4613 "http://searchengine.com" "Mozilla/5.0 (iPad; CPU OS 6_0 like Mac OS X) AppleWebKit/536.26 (KHTML, like Gecko) Version/6.0 Mobile/10A5355d Safari/8536.25"
114.214.178.92 - - [10/Oct/2013:02:05:12 ] "GET /explore HTTP/1.0" 200 2615 "http://www.makemypayments.com" "Mozilla/5.0 (Windows; U; MSIE 9.0; WIndows NT 9.0; en-US))"
114.214.178.92 - - [10/Oct/2013:02:06:50 ] "GET /list HTTP/1.0" 200 4878 "-" "Mozilla/5.0 (iPad; CPU OS 6_0 like Mac OS X) AppleWebKit/536.26 (KHTML, like Gecko) Version/6.0 Mobile/10A5355d Safari/8536.25"
198.122.118.164 - - [10/Oct/2013:02:08:51 ] "GET /explore HTTP/1.0" 200 4503 "http://searchengine.com" "Mozilla/4.0 (compatible; MSIE 7.0; Windows NT 6.0)"
10.182.189.79 - - [10/Oct/2013:02:11:07 ] "GET /explore HTTP/1.0" 200 4113 "http://searchengine.com" "Mozilla/5.0 (Windows; U; MSIE 9.0; WIndows NT 9.0; en-US))"
16.180.70.237 - - [10/Oct/2013:02:12:31 ] "GET /wp-admin HTTP/1.0" 200 4401 "http://cred.club" "Mozilla/5.0 (Linux; U; Android 2.3.5; en-us; HTC Vision Build/GRI40) AppleWebKit/533.1 (KHTML, like Gecko) Version/4.0 Mobile Safari/533.1"
218.193.16.244 - - [10/Oct/2013:02:13:30 ] "GET /wp-content HTTP/1.0" 200 3650 "http://cred.club" "Mozilla/5.0 (Macintosh; Intel Mac OS X 10_9_2) AppleWebKit/537.36 (KHTML, like Gecko) Chrome/36.0.1944.0 Safari/537.36"
81.73.150.239 - - [10/Oct/2013:02:15:11 ] "GET /search/tag/list HTTP/1.0" 200 4618 "-" "Mozilla/5.0 (Windows; U; Windows NT 6.1; rv:2.2) Gecko/20110201"
10.182.189.79 - - [10/Oct/2013:02:17:13 ] "GET /wp-content HTTP/1.0" 200 2437 "http://yahoo.com/top_online_shops" "Mozilla/5.0 (iPad; CPU OS 6_0 like Mac OS X) AppleWebKit/536.26 (KHTML, like Gecko) Version/6.0 Mobile/10A5355d Safari/8536.25"
123.221.14.56 - - [10/Oct/2013:02:21:31 ] "GET /app/main/posts HTTP/1.0" 200 3771 "http://cred.club" "Mozilla/4.0 (compatible; MSIE 7.0; Windows NT 6.0)"
218.193.16.244 - - [10/Oct/2013:02:23:57 ] "GET /explore HTTP/1.0" 200 3675 "-" "Mozilla/5.0 (Windows; U; MSIE 9.0; WIndows NT 9.0; en-US))"
114.214.178.92 - - [10/Oct/2013:02:28:09 ] "GET /list HTTP/1.0" 200 3979 "http://cred.club" "Mozilla/5.0 (Windows; U; MSIE 9.0; WIndows NT 9.0; en-US))"
218.193.16.244 - - [10/Oct/2013:02:31:42 ] "GET /apps/cart.php?appID= HTTP/1.0" 200 2997 "http://cred.club" "Mozilla/5.0 (Windows; U; Windows NT 6.1; rv:2.2) Gecko/20110201"
10.182.189.79 - - [10/Oct/2013:02:33:24 ] "GET /search/tag/list HTTP/1.0" 200 2343 "http://cred.club" "Mozilla/5.0 (iPad; CPU OS 6_0 like Mac OS X) AppleWebKit/536.26 (KHTML, like Gecko) Version/6.0 Mobile/10A5355d Safari/8536.25"
244.157.45.12 - - [10/Oct/2013:02:36:10 ] "GET /explore HTTP/1.0" 200 4628 "http://www.makemypayments.com" "Mozilla/5.0 (iPad; CPU OS 6_0 like Mac OS X) AppleWebKit/536.26 (KHTML, like Gecko) Version/6.0 Mobile/10A5355d Safari/8536.25"
10.182.189.79 - - [10/Oct/2013:02:39:09 ] "GET /search/tag/list HTTP/1.0" 200 2177 "-" "Mozilla/5.0 (Macintosh; Intel Mac OS X 10_9_2) AppleWebKit/537.36 (KHTML, like Gecko) Chrome/36.0.1944.0 Safari/537.36"
233.192.62.103 - - [10/Oct/2013:02:39:42 ] "GET /search/tag/list HTTP/1.0" 200 3741 "http://cred.club" "Mozilla/5.0 (Windows; U; Windows NT 6.1; rv:2.2) Gecko/20110201"
114.214.178.92 - - [10/Oct/2013:02:40:52 ] "GET /explore HTTP/1.0" 200 4720 "http://searchengine.com" "Mozilla/5.0 (Macintosh; Intel Mac OS X 10_9_2) AppleWebKit/537.36 (KHTML, like Gecko) Chrome/36.0.1944.0 Safari/537.36"
114.214.178.92 - - [10/Oct/2013:02:43:10 ] "GET /wp-admin HTTP/1.0" 200 2184 "http://cred.club" "Mozilla/5.0 (iPad; CPU OS 6_0 like Mac OS X) AppleWebKit/536.26 (KHTML, like Gecko) Version/6.0 Mobile/10A5355d Safari/8536.25"
81.73.150.239 - - [10/Oct/2013:02:47:27 ] "GET /explore HTTP/1.0" 200 2564 "http://cred.club" "Mozilla/4.0 (compatible; MSIE 7.0; Windows NT 6.0)"
114.214.178.92 - - [10/Oct/2013:02:49:49 ] "GET /search/tag/list HTTP/1.0" 200 2519 "http://yahoo.com/top_online_shops" "Mozilla/5.0 (Windows; U; Windows NT 6.1; rv:2.2) Gecko/20110201"
198.122.118.164 - - [10/Oct/2013:02:53:24 ] "GET /list HTTP/1.0" 200 4139 "http://yahoo.com/top_online_shops" "Mozilla/5.0 (Linux; U; Android 2.3.5; en-us; HTC Vision Build/GRI40) AppleWebKit/533.1 (KHTML, like Gecko) Version/4.0 Mobile Safari/533.1"
218.193.16.244 - - [10/Oct/2013:02:54:20 ] "GET /wp-admin HTTP/1.0" 200 3030 "http://cred.club" "Mozilla/5.0 (Linux; U; Android 2.3.5; en-us; HTC Vision Build/GRI40) AppleWebKit/533.1 (KHTML, like Gecko) Version/4.0 Mobile Safari/533.1"
233.192.62.103 - - [10/Oct/2013:02:57:43 ] "GET /app/main/posts HTTP/1.0" 200 4004 "http://cred.club" "Mozilla/4.0 (compatible; MSIE 7.0; Windows NT 6.0)"
218.193.16.244 - - [10/Oct/2013:03:01:05 ] "GET /wp-admin HTTP/1.0" 200 4476 "-" "Mozilla/5.0 (Windows; U; MSIE 9.0; WIndows NT 9.0; en-US))"
16.180.70.237 - - [10/Oct/2013:03:04:08 ] "GET /search/tag/list HTTP/1.0" 200 3223 "http://yahoo.com/top_online_shops" "Mozilla/5.0 (Windows NT 5.1; rv:31.0) Gecko/20100101 Firefox/31.0"
123.221.14.56 - - [10/Oct/2013:03:07:49 ] "GET /wp-content HTTP/1.0" 200 2916 "http://www.makemypayments.com" "Mozilla/5.0 (Macintosh; Intel Mac OS X 10_9_2) AppleWebKit/537.36 (KHTML, like Gecko) Chrome/36.0.1944.0 Safari/537.36"
81.73.150.239 - - [10/Oct/2013:03:08:23 ] "GET /wp-admin HTTP/1.0" 200 4586 "-" "Mozilla/5.0 (Macintosh; Intel Mac OS X 10_9_2) AppleWebKit/537.36 (KHTML, like Gecko) Chrome/36.0.1944.0 Safari/537.36"
233.192.62.103 - - [10/Oct/2013:03:11:26 ] "GET /list HTTP/1.0" 200 3485 "http://searchengine.com" "Mozilla/5.0 (Windows NT 5.1; rv:31.0) Gecko/20100101 Firefox/31.0"
16.180.70.237 - - [10/Oct/2013:03:14:29 ] "GET /apps/cart.php?appID= HTTP/1.0" 200 4435 "-" "Mozilla/5.0 (Windows NT 5.1; rv:31.0) Gecko/20100101 Firefox/31.0"
244.157.45.12 - - [10/Oct/2013:03:18:07 ] "GET /explore HTTP/1.0" 200 2819 "http://cred.club" "Mozilla/5.0 (Windows; U; MSIE 9.0; WIndows NT 9.0; en-US))"
114.214.178.92 - - [10/Oct/2013:03:21:30 ] "GET /explore HTTP/1.0" 200 3573 "http://cred.club" "Mozilla/5.0 (Windows NT 5.1; rv:31.0) Gecko/20100101 Firefox/31.0"
198.122.118.164 - - [10/Oct/2013:03:24:14 ] "GET /search/tag/list HTTP/1.0" 200 2145 "http://searchengine.com" "Mozilla/5.0 (iPad; CPU OS 6_0 like Mac OS X) AppleWebKit/536.26 (KHTML, like Gecko) Version/6.0 Mobile/10A5355d Safari/8536.25"
198.122.118.164 - - [10/Oct/2013:03:27:38 ] "GET /search/tag/list HTTP/1.0" 200 4502 "http://www.makemypayments.com" "Mozilla/5.0 (iPad; CPU OS 6_0 like Mac OS X) AppleWebKit/536.26 (KHTML, like Gecko) Version/6.0 Mobile/10A5355d Safari/8536.25"
16.180.70.237 - - [10/Oct/2013:03:32:33 ] "GET /list HTTP/1.0" 200 3875 "http://yahoo.com/top_online_shops" "Mozilla/5.0 (Windows NT 5.1; rv:31.0) Gecko/20100101 Firefox/31.0"
244.157.45.12 - - [10/Oct/2013:03:37:30 ] "GET /xmlrpc.php HTTP/1.0" 200 3912 "http://searchengine.com" "Mozilla/5.0 (Windows; U; MSIE 9.0; WIndows NT 9.0; en-US))"
123.221.14.56 - - [10/Oct/2013:03:40:51 ] "GET /xmlrpc.php HTTP/1.0" 200 4476 "http://searchengine.com" "Mozilla/5.0 (Windows; U; Windows NT 6.1; rv:2.2) Gecko/20110201"
237.43.24.118 - - [10/Oct/2013:03:43:28 ] "GET /app/main/posts HTTP/1.0" 200 2230 "-" "Mozilla/5.0 (iPad; CPU OS 6_0 like Mac OS X) AppleWebKit/536.26 (KHTML, like Gecko) Version/6.0 Mobile/10A5355d Safari/8536.25"
16.180.70.237 - - [10/Oct/2013:03:44:15 ] "GET /list HTTP/1.0" 200 2352 "-" "Mozilla/5.0 (iPad; CPU OS 6_0 like Mac OS X) AppleWebKit/536.26 (KHTML, like Gecko) Version/6.0 Mobile/10A5355d Safari/8536.25"
198.122.118.164 - - [10/Oct/2013:03:44:58 ] "GET /xmlrpc.php HTTP/1.0" 200 4540 "http://cred.club" "Mozilla/5.0 (Windows; U; Windows NT 6.1; rv:2.2) Gecko/20110201"
123.221.14.56 - - [10/Oct/2013:03:46:20 ] "GET /wp-content HTTP/1.0" 200 4942 "http://yahoo.com/top_online_shops" "Mozilla/4.0 (compatible; MSIE 7.0; Windows NT 6.0)"
114.214.178.92 - - [10/Oct/2013:03:51:20 ] "GET /list HTTP/1.0" 200 2985 "http://cred.club" "Mozilla/5.0 (Windows; U; MSIE 9.0; WIndows NT 9.0; en-US))"
81.73.150.239 - - [10/Oct/2013:03:54:45 ] "GET /app/main/posts HTTP/1.0" 200 2288 "-" "Mozilla/5.0 (Linux; U; Android 2.3.5; en-us; HTC Vision Build/GRI40) AppleWebKit/533.1 (KHTML, like Gecko) Version/4.0 Mobile Safari/533.1"
237.43.24.118 - - [10/Oct/2013:03:55:41 ] "GET /app/main/posts HTTP/1.0" 200 3146 "http://cred.club" "Mozilla/5.0 (Windows; U; MSIE 9.0; WIndows NT 9.0; en-US))"
237.43.24.118 - - [10/Oct/2013:03:59:33 ] "GET /search/tag/list HTTP/1.0" 200 4413 "-" "Mozilla/4.0 (compatible; MSIE 7.0; Windows NT 6.0)"
244.157.45.12 - - [10/Oct/2013:04:03:47 ] "GET /posts/posts/explore HTTP/1.0" 200 3513 "http://www.makemypayments.com" "Mozilla/5.0 (Windows; U; MSIE 9.0; WIndows NT 9.0; en-US))"
123.221.14.56 - - [10/Oct/2013:04:05:13 ] "GET /wp-content HTTP/1.0" 200 2345 "-" "Mozilla/5.0 (Windows; U; MSIE 9.0; WIndows NT 9.0; en-US))"
244.157.45.12 - - [10/Oct/2013:04:06:57 ] "GET /xmlrpc.php HTTP/1.0" 200 4223 "http://searchengine.com" "Mozilla/4.0 (compatible; MSIE 7.0; Windows NT 6.0)"
10.182.189.79 - - [10/Oct/2013:04:11:22 ] "GET /wp-content HTTP/1.0" 200 4955 "-" "Mozilla/4.0 (compatible; MSIE 7.0; Windows NT 6.0)"
237.43.24.118 - - [10/Oct/2013:04:16:00 ] "GET /app/main/posts HTTP/1.0" 200 4268 "http://searchengine.com" "Mozilla/5.0 (Macintosh; Intel Mac OS X 10_9_2) AppleWebKit/537.36 (KHTML, like Gecko) Chrome/36.0.1944.0 Safari/537.36"
237.43.24.118 - - [10/Oct/2013:04:19:39 ] "GET /wp-content HTTP/1.0" 200 2415 "-" "Mozilla/5.0 (Windows; U; Windows NT 6.1; rv:2.2) Gecko/20110201"
237.43.24.118 - - [10/Oct/2013:04:20:57 ] "GET /wp-admin HTTP/1.0" 200 4620 "http://www.makemypayments.com" "Mozilla/5.0 (Windows NT 5.1; rv:31.0) Gecko/20100101 Firefox/31.0"
16.180.70.237 - - [10/Oct/2013:04:22:57 ] "GET /list HTTP/1.0" 200 4959 "http://cred.club" "Mozilla/4.0 (compatible; MSIE 7.0; Windows NT 6.0)"
237.43.24.118 - - [10/Oct/2013:04:27:49 ] "GET /app/main/posts HTTP/1.0" 200 4479 "http://searchengine.com" "Mozilla/5.0 (Windows; U; Windows NT 6.1; rv:2.2) Gecko/20110201"
244.157.45.12 - - [10/Oct/2013:04:29:20 ] "GET /posts/posts/explore HTTP/1.0" 200 3943 "http://cred.club" "Mozilla/5.0 (iPad; CPU OS 6_0 like Mac OS X) AppleWebKit/536.26 (KHTML, like Gecko) Version/6.0 Mobile/10A5355d Safari/8536.25"
198.122.118.164 - - [10/Oct/2013:04:30:59 ] "GET /list HTTP/1.0" 200 2532 "http://yahoo.com/top_online_shops" "Mozilla/4.0 (compatible; MSIE 7.0; Windows NT 6.0)"
10.182.189.79 - - [10/Oct/2013:04:32:39 ] "GET /posts/posts/explore HTTP/1.0" 200 4471 "http://searchengine.com" "Mozilla/5.0 (Windows NT 5.1; rv:31.0) Gecko/20100101 Firefox/31.0"
218.193.16.244 - - [10/Oct/2013:04:33:13 ] "GET /apps/cart.php?appID= HTTP/1.0" 200 3441 "-" "Mozilla/4.0 (compatible; MSIE 7.0; Windows NT 6.0)"
10.182.189.79 - - [10/Oct/2013:04:33:44 ] "GET /wp-admin HTTP/1.0" 200 2685 "http://www.makemypayments.com" "Mozilla/5.0 (iPad; CPU OS 6_0 like Mac OS X) AppleWebKit/536.26 (KHTML, like Gecko) Version/6.0 Mobile/10A5355d Safari/8536.25"
244.157.45.12 - - [10/Oct/2013:04:38:14 ] "GET /wp-content HTTP/1.0" 200 2145 "http://cred.club" "Mozilla/5.0 (Linux; U; Android 2.3.5; en-us; HTC Vision Build/GRI40) AppleWebKit/533.1 (KHTML, like Gecko) Version/4.0 Mobile Safari/533.1"
16.180.70.237 - - [10/Oct/2013:04:41:09 ] "GET /posts/posts/explore HTTP/1.0" 200 4933 "http://cred.club" "Mozilla/4.0 (compatible; MSIE 7.0; Windows NT 6.0)"
81.73.150.239 - - [10/Oct/2013:04:45:45 ] "GET /posts/posts/explore HTTP/1.0" 200 2814 "http://searchengine.com" "Mozilla/5.0 (Windows; U; Windows NT 6.1; rv:2.2) Gecko/20110201"
198.122.118.164 - - [10/Oct/2013:04:47:43 ] "GET /app/main/posts HTTP/1.0" 200 2190 "-" "Mozilla/5.0 (iPad; CPU OS 6_0 like Mac OS X) AppleWebKit/536.26 (KHTML, like Gecko) Version/6.0 Mobile/10A5355d Safari/8536.25"
233.192.62.103 - - [10/Oct/2013:04:50:29 ] "GET /posts/posts/explore HTTP/1.0" 200 2360 "-" "Mozilla/5.0 (Windows NT 5.1; rv:31.0) Gecko/20100101 Firefox/31.0"
237.43.24.118 - - [10/Oct/2013:04:52:16 ] "GET /search/tag/list HTTP/1.0" 200 4424 "http://cred.club" "Mozilla/5.0 (Windows NT 5.1; rv:31.0) Gecko/20100101 Firefox/31.0"
114.214.178.92 - - [10/Oct/2013:04:54:31 ] "GET /xmlrpc.php HTTP/1.0" 200 3875 "-" "Mozilla/5.0 (Windows NT 5.1; rv:31.0) Gecko/20100101 Firefox/31.0"
81.73.150.239 - - [10/Oct/2013:04:55:36 ] "GET /wp-admin HTTP/1.0" 200 4602 "http://www.makemypayments.com" "Mozilla/5.0 (Macintosh; Intel Mac OS X 10_9_2) AppleWebKit/537.36 (KHTML, like Gecko) Chrome/36.0.1944.0 Safari/537.36"
244.157.45.12 - - [10/Oct/2013:04:56:17 ] "GET /app/main/posts HTTP/1.0" 200 3934 "http://www.makemypayments.com" "Mozilla/5.0 (Windows NT 5.1; rv:31.0) Gecko/20100101 Firefox/31.0"
16.180.70.237 - - [10/Oct/2013:04:59:52 ] "GET /app/main/posts HTTP/1.0" 200 4843 "http://yahoo.com/top_online_shops" "Mozilla/5.0 (Macintosh; Intel Mac OS X 10_9_2) AppleWebKit/537.36 (KHTML, like Gecko) Chrome/36.0.1944.0 Safari/537.36"
233.192.62.103 - - [10/Oct/2013:05:02:38 ] "GET /apps/cart.php?appID= HTTP/1.0" 200 2630 "http://cred.club" "Mozilla/5.0 (Macintosh; Intel Mac OS X 10_9_2) AppleWebKit/537.36 (KHTML, like Gecko) Chrome/36.0.1944.0 Safari/537.36"
81.73.150.239 - - [10/Oct/2013:05:06:25 ] "GET /explore HTTP/1.0" 200 4573 "-" "Mozilla/5.0 (Macintosh; Intel Mac OS X 10_9_2) AppleWebKit/537.36 (KHTML, like Gecko) Chrome/36.0.1944.0 Safari/537.36"
81.73.150.239 - - [10/Oct/2013:05:09:33 ] "GET /apps/cart.php?appID= HTTP/1.0" 200 4349 "http://searchengine.com" "Mozilla/5.0 (Macintosh; Intel Mac OS X 10_9_2) AppleWebKit/537.36 (KHTML, like Gecko) Chrome/36.0.1944.0 Safari/537.36"
237.43.24.118 - - [10/Oct/2013:05:12:56 ] "GET /wp-content HTTP/1.0" 200 2766 "http://searchengine.com" "Mozilla/5.0 (iPad; CPU OS 6_0 like Mac OS X) AppleWebKit/536.26 (KHTML, like Gecko) Version/6.0 Mobile/10A5355d Safari/8536.25"
123.221.14.56 - - [10/Oct/2013:05:17:29 ] "GET /list HTTP/1.0" 200 3778 "http://yahoo.com/top_online_shops" "Mozilla/4.0 (compatible; MSIE 7.0; Windows NT 6.0)"
16.180.70.237 - - [10/Oct/2013:05:20:55 ] "GET /app/main/posts HTTP/1.0" 200 2780 "http://searchengine.com" "Mozilla/5.0 (Macintosh; Intel Mac OS X 10_9_2) AppleWebKit/537.36 (KHTML, like Gecko) Chrome/36.0.1944.0 Safari/537.36"
244.157.45.12 - - [10/Oct/2013:05:23:22 ] "GET /wp-content HTTP/1.0" 200 4834 "http://searchengine.com" "Mozilla/4.0 (compatible; MSIE 7.0; Windows NT 6.0)"
123.221.14.56 - - [10/Oct/2013:05:25:42 ] "GET /list HTTP/1.0" 200 3871 "http://yahoo.com/top_online_shops" "Mozilla/5.0 (Windows NT 5.1; rv:31.0) Gecko/20100101 Firefox/31.0"
123.221.14.56 - - [10/Oct/2013:05:29:16 ] "GET /app/main/posts HTTP/1.0" 200 2341 "http://cred.club" "Mozilla/5.0 (Windows; U; MSIE 9.0; WIndows NT 9.0; en-US))"
123.221.14.56 - - [10/Oct/2013:05:31:05 ] "GET /search/tag/list HTTP/1.0" 200 2030 "-" "Mozilla/5.0 (Macintosh; Intel Mac OS X 10_9_2) AppleWebKit/537.36 (KHTML, like Gecko) Chrome/36.0.1944.0 Safari/537.36"
233.192.62.103 - - [10/Oct/2013:05:31:36 ] "GET /explore HTTP/1.0" 200 2807 "http://cred.club" "Mozilla/5.0 (Macintosh; Intel Mac OS X 10_9_2) AppleWebKit/537.36 (KHTML, like Gecko) Chrome/36.0.1944.0 Safari/537.36"
123.221.14.56 - - [10/Oct/2013:05:34:06 ] "GET /xmlrpc.php HTTP/1.0" 200 4450 "-" "Mozilla/5.0 (Windows NT 5.1; rv:31.0) Gecko/20100101 Firefox/31.0"
218.193.16.244 - - [10/Oct/2013:05:35:39 ] "GET /posts/posts/explore HTTP/1.0" 200 2789 "-" "Mozilla/5.0 (iPad; CPU OS 6_0 like Mac OS X) AppleWebKit/536.26 (KHTML, like Gecko) Version/6.0 Mobile/10A5355d Safari/8536.25"
10.182.189.79 - - [10/Oct/2013:05:38:10 ] "GET /posts/posts/explore HTTP/1.0" 200 4198 "http://cred.club" "Mozilla/5.0 (Windows; U; Windows NT 6.1; rv:2.2) Gecko/20110201"
10.182.189.79 - - [10/Oct/2013:05:41:20 ] "GET /app/main/posts HTTP/1.0" 200 4734 "http://www.makemypayments.com" "Mozilla/5.0 (Windows; U; Windows NT 6.1; rv:2.2) Gecko/20110201"
114.214.178.92 - - [10/Oct/2013:05:45:53 ] "GET /xmlrpc.php HTTP/1.0" 200 3437 "http://www.makemypayments.com" "Mozilla/5.0 (Macintosh; Intel Mac OS X 10_9_2) AppleWebKit/537.36 (KHTML, like Gecko) Chrome/36.0.1944.0 Safari/537.36"
114.214.178.92 - - [10/Oct/2013:05:48:57 ] "GET /xmlrpc.php HTTP/1.0" 200 2279 "http://cred.club" "Mozilla/4.0 (compatible; MSIE 7.0; Windows NT 6.0)"
114.214.178.92 - - [10/Oct/2013:05:51:02 ] "GET /search/tag/list HTTP/1.0" 200 3724 "http://cred.club" "Mozilla/5.0 (Linux; U; Android 2.3.5; en-us; HTC Vision Build/GRI40) AppleWebKit/533.1 (KHTML, like Gecko) Version/4.0 Mobile Safari/533.1"
10.182.189.79 - - [10/Oct/2013:05:52:48 ] "GET /search/tag/list HTTP/1.0" 200 2088 "http://cred.club" "Mozilla/5.0 (iPad; CPU OS 6_0 like Mac OS X) AppleWebKit/536.26 (KHTML, like Gecko) Version/6.0 Mobile/10A5355d Safari/8536.25"
198.122.118.164 - - [10/Oct/2013:05:57:10 ] "GET /apps/cart.php?appID= HTTP/1.0" 200 4498 "http://www.makemypayments.com" "Mozilla/5.0 (Windows; U; Windows NT 6.1; rv:2.2) Gecko/20110201"
123.221.14.56 - - [10/Oct/2013:05:58:14 ] "GET /wp-content HTTP/1.0" 200 4975 "http://www.makemypayments.com" "Mozilla/5.0 (iPad; CPU OS 6_0 like Mac OS X) AppleWebKit/536.26 (KHTML, like Gecko) Version/6.0 Mobile/10A5355d Safari/8536.25"
16.180.70.237 - - [10/Oct/2013:06:02:17 ] "GET /wp-content HTTP/1.0" 200 2046 "-" "Mozilla/5.0 (Windows; U; MSIE 9.0; WIndows NT 9.0; en-US))"
81.73.150.239 - - [10/Oct/2013:06:07:08 ] "GET /explore HTTP/1.0" 200 2266 "http://yahoo.com/top_online_shops" "Mozilla/5.0 (Windows; U; MSIE 9.0; WIndows NT 9.0; en-US))"
123.221.14.56 - - [10/Oct/2013:06:10:32 ] "GET /posts/posts/explore HTTP/1.0" 200 2504 "http://searchengine.com" "Mozilla/5.0 (iPad; CPU OS 6_0 like Mac OS X) AppleWebKit/536.26 (KHTML, like Gecko) Version/6.0 Mobile/10A5355d Safari/8536.25"
114.214.178.92 - - [10/Oct/2013:06:12:00 ] "GET /search/tag/list HTTP/1.0" 200 4640 "http://searchengine.com" "Mozilla/5.0 (Macintosh; Intel Mac OS X 10_9_2) AppleWebKit/537.36 (KHTML, like Gecko) Chrome/36.0.1944.0 Safari/537.36"
233.192.62.103 - - [10/Oct/2013:06:16:57 ] "GET /xmlrpc.php HTTP/1.0" 200 4666 "-" "Mozilla/5.0 (Linux; U; Android 2.3.5; en-us; HTC Vision Build/GRI40) AppleWebKit/533.1 (KHTML, like Gecko) Version/4.0 Mobile Safari/533.1"
123.221.14.56 - - [10/Oct/2013:06:17:46 ] "GET /posts/posts/explore HTTP/1.0" 200 3426 "http://searchengine.com" "Mozilla/4.0 (compatible; MSIE 7.0; Windows NT 6.0)"
198.122.118.164 - - [10/Oct/2013:06:21:53 ] "GET /search/tag/list HTTP/1.0" 200 3689 "-" "Mozilla/5.0 (Windows NT 5.1; rv:31.0) Gecko/20100101 Firefox/31.0"
237.43.24.118 - - [10/Oct/2013:06:26:20 ] "GET /posts/posts/explore HTTP/1.0" 200 4798 "http://www.makemypayments.com" "Mozilla/5.0 (Windows NT 5.1; rv:31.0) Gecko/20100101 Firefox/31.0"
244.157.45.12 - - [10/Oct/2013:06:30:25 ] "GET /posts/posts/explore HTTP/1.0" 200 2587 "http://searchengine.com" "Mozilla/4.0 (compatible; MSIE 7.0; Windows NT 6.0)"
218.193.16.244 - - [10/Oct/2013:06:32:33 ] "GET /wp-admin HTTP/1.0" 200 3587 "http://cred.club" "Mozilla/5.0 (Windows; U; MSIE 9.0; WIndows NT 9.0; en-US))"
16.180.70.237 - - [10/Oct/2013:06:35:11 ] "GET /explore HTTP/1.0" 200 2966 "http://yahoo.com/top_online_shops" "Mozilla/4.0 (compatible; MSIE 7.0; Windows NT 6.0)"
233.192.62.103 - - [10/Oct/2013:06:38:19 ] "GET /wp-content HTTP/1.0" 200 3381 "http://www.makemypayments.com" "Mozilla/4.0 (compatible; MSIE 7.0; Windows NT 6.0)"
233.192.62.103 - - [10/Oct/2013:06:43:04 ] "GET /app/main/posts HTTP/1.0" 200 3223 "http://yahoo.com/top_online_shops" "Mozilla/5.0 (Windows; U; Windows NT 6.1; rv:2.2) Gecko/20110201"
237.43.24.118 - - [10/Oct/2013:06:45:11 ] "GET /app/main/posts HTTP/1.0" 200 3471 "-" "Mozilla/5.0 (Windows; U; MSIE 9.0; WIndows NT 9.0; en-US))"
218.193.16.244 - - [10/Oct/2013:06:46:52 ] "GET /xmlrpc.php HTTP/1.0" 200 4253 "http://cred.club" "Mozilla/5.0 (Linux; U; Android 2.3.5; en-us; HTC Vision Build/GRI40) AppleWebKit/533.1 (KHTML, like Gecko) Version/4.0 Mobile Safari/533.1"
244.157.45.12 - - [10/Oct/2013:06:49:20 ] "GET /list HTTP/1.0" 200 4059 "-" "Mozilla/4.0 (compatible; MSIE 7.0; Windows NT 6.0)"
218.193.16.244 - - [10/Oct/2013:06:52:05 ] "GET /wp-content HTTP/1.0" 200 4832 "-" "Mozilla/5.0 (iPad; CPU OS 6_0 like Mac OS X) AppleWebKit/536.26 (KHTML, like Gecko) Version/6.0 Mobile/10A5355d Safari/8536.25"
233.192.62.103 - - [10/Oct/2013:06:57:00 ] "GET /wp-admin HTTP/1.0" 200 2010 "http://yahoo.com/top_online_shops" "Mozilla/5.0 (Macintosh; Intel Mac OS X 10_9_2) AppleWebKit/537.36 (KHTML, like Gecko) Chrome/36.0.1944.0 Safari/537.36"
123.221.14.56 - - [10/Oct/2013:07:01:30 ] "GET /search/tag/list HTTP/1.0" 200 3628 "-" "Mozilla/4.0 (compatible; MSIE 7.0; Windows NT 6.0)"
16.180.70.237 - - [10/Oct/2013:07:02:21 ] "GET /explore HTTP/1.0" 200 4423 "http://searchengine.com" "Mozilla/5.0 (iPad; CPU OS 6_0 like Mac OS X) AppleWebKit/536.26 (KHTML, like Gecko) Version/6.0 Mobile/10A5355d Safari/8536.25"
114.214.178.92 - - [10/Oct/2013:07:04:45 ] "GET /search/tag/list HTTP/1.0" 200 4291 "http://cred.club" "Mozilla/5.0 (Windows NT 5.1; rv:31.0) Gecko/20100101 Firefox/31.0"
237.43.24.118 - - [10/Oct/2013:07:08:22 ] "GET /app/main/posts HTTP/1.0" 200 3309 "http://searchengine.com" "Mozilla/5.0 (Windows; U; MSIE 9.0; WIndows NT 9.0; en-US))"
114.214.178.92 - - [10/Oct/2013:07:10:21 ] "GET /wp-admin HTTP/1.0" 200 2339 "http://searchengine.com" "Mozilla/5.0 (Linux; U; Android 2.3.5; en-us; HTC Vision Build/GRI40) AppleWebKit/533.1 (KHTML, like Gecko) Version/4.0 Mobile Safari/533.1"
81.73.150.239 - - [10/Oct/2013:07:12:19 ] "GET /search/tag/list HTTP/1.0" 200 4180 "-" "Mozilla/5.0 (iPad; CPU OS 6_0 like Mac OS X) AppleWebKit/536.26 (KHTML, like Gecko) Version/6.0 Mobile/10A5355d Safari/8536.25"
10.182.189.79 - - [10/Oct/2013:07:14:27 ] "GET /wp-admin HTTP/1.0" 200 4081 "http://cred.club" "Mozilla/5.0 (Windows; U; Windows NT 6.1; rv:2.2) Gecko/20110201"
198.122.118.164 - - [10/Oct/2013:07:15:36 ] "GET /apps/cart.php?appID= HTTP/1.0" 200 2343 "http://cred.club" "Mozilla/5.0 (iPad; CPU OS 6_0 like Mac OS X) AppleWebKit/536.26 (KHTML, like Gecko) Version/6.0 Mobile/10A5355d Safari/8536.25"
233.192.62.103 - - [10/Oct/2013:07:16:11 ] "GET /posts/posts/explore HTTP/1.0" 200 4866 "http://cred.club" "Mozilla/5.0 (Linux; U; Android 2.3.5; en-us; HTC Vision Build/GRI40) AppleWebKit/533.1 (KHTML, like Gecko) Version/4.0 Mobile Safari/533.1"
237.43.24.118 - - [10/Oct/2013:07:18:39 ] "GET /posts/posts/explore HTTP/1.0" 200 2241 "http://yahoo.com/top_online_shops" "Mozilla/5.0 (Macintosh; Intel Mac OS X 10_9_2) AppleWebKit/537.36 (KHTML, like Gecko) Chrome/36.0.1944.0 Safari/537.36"
244.157.45.12 - - [10/Oct/2013:07:22:08 ] "GET /list HTTP/1.0" 200 2789 "http://searchengine.com" "Mozilla/4.0 (compatible; MSIE 7.0; Windows NT 6.0)"
10.182.189.79 - - [10/Oct/2013:07:25:06 ] "GET /xmlrpc.php HTTP/1.0" 200 2943 "http://cred.club" "Mozilla/5.0 (Windows; U; MSIE 9.0; WIndows NT 9.0; en-US))"
81.73.150.239 - - [10/Oct/2013:07:28:26 ] "GET /apps/cart.php?appID= HTTP/1.0" 200 4485 "http://searchengine.com" "Mozilla/5.0 (Windows NT 5.1; rv:31.0) Gecko/20100101 Firefox/31.0"
218.193.16.244 - - [10/Oct/2013:07:31:00 ] "GET /xmlrpc.php HTTP/1.0" 200 4161 "http://searchengine.com" "Mozilla/5.0 (Windows NT 5.1; rv:31.0) Gecko/20100101 Firefox/31.0"
16.180.70.237 - - [10/Oct/2013:07:32:40 ] "GET /apps/cart.php?appID= HTTP/1.0" 200 3223 "http://yahoo.com/top_online_shops" "Mozilla/5.0 (iPad; CPU OS 6_0 like Mac OS X) AppleWebKit/536.26 (KHTML, like Gecko) Version/6.0 Mobile/10A5355d Safari/8536.25"
237.43.24.118 - - [10/Oct/2013:07:36:40 ] "GET /posts/posts/explore HTTP/1.0" 200 3013 "http://www.makemypayments.com" "Mozilla/5.0 (Macintosh; Intel Mac OS X 10_9_2) AppleWebKit/537.36 (KHTML, like Gecko) Chrome/36.0.1944.0 Safari/537.36"
218.193.16.244 - - [10/Oct/2013:07:40:50 ] "GET /search/tag/list HTTP/1.0" 200 3200 "-" "Mozilla/5.0 (Windows; U; MSIE 9.0; WIndows NT 9.0; en-US))"
218.193.16.244 - - [10/Oct/2013:07:45:38 ] "GET /wp-content HTTP/1.0" 200 4330 "http://www.makemypayments.com" "Mozilla/4.0 (compatible; MSIE 7.0; Windows NT 6.0)"
10.182.189.79 - - [10/Oct/2013:07:48:30 ] "GET /wp-content HTTP/1.0" 200 4104 "http://cred.club" "Mozilla/5.0 (Windows NT 5.1; rv:31.0) Gecko/20100101 Firefox/31.0"
16.180.70.237 - - [10/Oct/2013:07:51:04 ] "GET /search/tag/list HTTP/1.0" 200 3571 "http://cred.club" "Mozilla/5.0 (Linux; U; Android 2.3.5; en-us; HTC Vision Build/GRI40) AppleWebKit/533.1 (KHTML, like Gecko) Version/4.0 Mobile Safari/533.1"
198.122.118.164 - - [10/Oct/2013:07:52:28 ] "GET /posts/posts/explore HTTP/1.0" 200 3212 "http://yahoo.com/top_online_shops" "Mozilla/5.0 (iPad; CPU OS 6_0 like Mac OS X) AppleWebKit/536.26 (KHTML, like Gecko) Version/6.0 Mobile/10A5355d Safari/8536.25"
81.73.150.239 - - [10/Oct/2013:07:54:18 ] "GET /app/main/posts HTTP/1.0" 200 4777 "http://yahoo.com/top_online_shops" "Mozilla/5.0 (Windows NT 5.1; rv:31.0) Gecko/20100101 Firefox/31.0"
233.192.62.103 - - [10/Oct/2013:07:55:55 ] "GET /list HTTP/1.0" 200 3468 "http://searchengine.com" "Mozilla/4.0 (compatible; MSIE 7.0; Windows NT 6.0)"
10.182.189.79 - - [10/Oct/2013:07:57:01 ] "GET /apps/cart.php?appID= HTTP/1.0" 200 2316 "http://cred.club" "Mozilla/5.0 (Windows; U; MSIE 9.0; WIndows NT 9.0; en-US))"
233.192.62.103 - - [10/Oct/2013:08:00:59 ] "GET /list HTTP/1.0" 200 2389 "-" "Mozilla/5.0 (Windows; U; Windows NT 6.1; rv:2.2) Gecko/20110201"
81.73.150.239 - - [10/Oct/2013:08:05:05 ] "GET /list HTTP/1.0" 200 2291 "-" "Mozilla/5.0 (Linux; U; Android 2.3.5; en-us; HTC Vision Build/GRI40) AppleWebKit/533.1 (KHTML, like Gecko) Version/4.0 Mobile Safari/533.1"
114.214.178.92 - - [10/Oct/2013:08:07:26 ] "GET /xmlrpc.php HTTP/1.0" 200 4151 "-" "Mozilla/5.0 (Macintosh; Intel Mac OS X 10_9_2) AppleWebKit/537.36 (KHTML, like Gecko) Chrome/36.0.1944.0 Safari/537.36"
123.221.14.56 - - [10/Oct/2013:08:09:42 ] "GET /explore HTTP/1.0" 200 3550 "http://www.makemypayments.com" "Mozilla/5.0 (Windows; U; Windows NT 6.1; rv:2.2) Gecko/20110201"
244.157.45.12 - - [10/Oct/2013:08:11:13 ] "GET /search/tag/list HTTP/1.0" 200 2962 "http://searchengine.com" "Mozilla/5.0 (Windows; U; Windows NT 6.1; rv:2.2) Gecko/20110201"
81.73.150.239 - - [10/Oct/2013:08:13:05 ] "GET /wp-content HTTP/1.0" 200 3407 "http://searchengine.com" "Mozilla/5.0 (Windows; U; Windows NT 6.1; rv:2.2) Gecko/20110201"
114.214.178.92 - - [10/Oct/2013:08:18:05 ] "GET /app/main/posts HTTP/1.0" 200 4715 "http://cred.club" "Mozilla/5.0 (Macintosh; Intel Mac OS X 10_9_2) AppleWebKit/537.36 (KHTML, like Gecko) Chrome/36.0.1944.0 Safari/537.36"
16.180.70.237 - - [10/Oct/2013:08:20:27 ] "GET /app/main/posts HTTP/1.0" 200 3314 "http://yahoo.com/top_online_shops" "Mozilla/5.0 (Windows; U; Windows NT 6.1; rv:2.2) Gecko/20110201"
218.193.16.244 - - [10/Oct/2013:08:25:07 ] "GET /explore HTTP/1.0" 200 4572 "-" "Mozilla/5.0 (Linux; U; Android 2.3.5; en-us; HTC Vision Build/GRI40) AppleWebKit/533.1 (KHTML, like Gecko) Version/4.0 Mobile Safari/533.1"
114.214.178.92 - - [10/Oct/2013:08:28:04 ] "GET /list HTTP/1.0" 200 4137 "http://www.makemypayments.com" "Mozilla/5.0 (Windows; U; Windows NT 6.1; rv:2.2) Gecko/20110201"
123.221.14.56 - - [10/Oct/2013:08:29:42 ] "GET /posts/posts/explore HTTP/1.0" 200 4573 "-" "Mozilla/5.0 (Linux; U; Android 2.3.5; en-us; HTC Vision Build/GRI40) AppleWebKit/533.1 (KHTML, like Gecko) Version/4.0 Mobile Safari/533.1"
16.180.70.237 - - [10/Oct/2013:08:30:14 ] "GET /wp-content HTTP/1.0" 200 4283 "http://yahoo.com/top_online_shops" "Mozilla/5.0 (Macintosh; Intel Mac OS X 10_9_2) AppleWebKit/537.36 (KHTML, like Gecko) Chrome/36.0.1944.0 Safari/537.36"
81.73.150.239 - - [10/Oct/2013:08:32:11 ] "GET /explore HTTP/1.0" 200 2690 "http://searchengine.com" "Mozilla/5.0 (Linux; U; Android 2.3.5; en-us; HTC Vision Build/GRI40) AppleWebKit/533.1 (KHTML, like Gecko) Version/4.0 Mobile Safari/533.1"
244.157.45.12 - - [10/Oct/2013:08:34:27 ] "GET /apps/cart.php?appID= HTTP/1.0" 200 4506 "http://www.makemypayments.com" "Mozilla/5.0 (Windows; U; Windows NT 6.1; rv:2.2) Gecko/20110201"
81.73.150.239 - - [10/Oct/2013:08:38:50 ] "GET /search/tag/list HTTP/1.0" 200 3940 "http://yahoo.com/top_online_shops" "Mozilla/5.0 (iPad; CPU OS 6_0 like Mac OS X) AppleWebKit/536.26 (KHTML, like Gecko) Version/6.0 Mobile/10A5355d Safari/8536.25"
218.193.16.244 - - [10/Oct/2013:08:39:37 ] "GET /posts/posts/explore HTTP/1.0" 200 4124 "http://searchengine.com" "Mozilla/5.0 (Windows; U; Windows NT 6.1; rv:2.2) Gecko/20110201"
218.193.16.244 - - [10/Oct/2013:08:44:28 ] "GET /xmlrpc.php HTTP/1.0" 200 2591 "http://searchengine.com" "Mozilla/5.0 (Macintosh; Intel Mac OS X 10_9_2) AppleWebKit/537.36 (KHTML, like Gecko) Chrome/36.0.1944.0 Safari/537.36"
16.180.70.237 - - [10/Oct/2013:08:45:48 ] "GET /wp-admin HTTP/1.0" 200 4928 "http://searchengine.com" "Mozilla/5.0 (Windows; U; MSIE 9.0; WIndows NT 9.0; en-US))"
218.193.16.244 - - [10/Oct/2013:08:48:07 ] "GET /posts/posts/explore HTTP/1.0" 200 4455 "http://yahoo.com/top_online_shops" "Mozilla/5.0 (Windows; U; Windows NT 6.1; rv:2.2) Gecko/20110201"
237.43.24.118 - - [10/Oct/2013:08:49:54 ] "GET /posts/posts/explore HTTP/1.0" 200 2028 "-" "Mozilla/5.0 (Linux; U; Android 2.3.5; en-us; HTC Vision Build/GRI40) AppleWebKit/533.1 (KHTML, like Gecko) Version/4.0 Mobile Safari/533.1"
233.192.62.103 - - [10/Oct/2013:08:52:19 ] "GET /app/main/posts HTTP/1.0" 200 2403 "http://www.makemypayments.com" "Mozilla/5.0 (Windows; U; MSIE 9.0; WIndows NT 9.0; en-US))"
198.122.118.164 - - [10/Oct/2013:08:55:04 ] "GET /app/main/posts HTTP/1.0" 200 4580 "http://yahoo.com/top_online_shops" "Mozilla/4.0 (compatible; MSIE 7.0; Windows NT 6.0)"
16.180.70.237 - - [10/Oct/2013:08:57:35 ] "GET /wp-admin HTTP/1.0" 200 4239 "http://searchengine.com" "Mozilla/5.0 (iPad; CPU OS 6_0 like Mac OS X) AppleWebKit/536.26 (KHTML, like Gecko) Version/6.0 Mobile/10A5355d Safari/8536.25"
10.182.189.79 - - [10/Oct/2013:09:01:36 ] "GET /app/main/posts HTTP/1.0" 200 4195 "http://yahoo.com/top_online_shops" "Mozilla/5.0 (iPad; CPU OS 6_0 like Mac OS X) AppleWebKit/536.26 (KHTML, like Gecko) Version/6.0 Mobile/10A5355d Safari/8536.25"
16.180.70.237 - - [10/Oct/2013:09:03:13 ] "GET /search/tag/list HTTP/1.0" 200 2425 "http://cred.club" "Mozilla/5.0 (Windows NT 5.1; rv:31.0) Gecko/20100101 Firefox/31.0"
16.180.70.237 - - [10/Oct/2013:09:03:50 ] "GET /xmlrpc.php HTTP/1.0" 200 2072 "http://yahoo.com/top_online_shops" "Mozilla/5.0 (Linux; U; Android 2.3.5; en-us; HTC Vision Build/GRI40) AppleWebKit/533.1 (KHTML, like Gecko) Version/4.0 Mobile Safari/533.1"
114.214.178.92 - - [10/Oct/2013:09:04:55 ] "GET /wp-admin HTTP/1.0" 200 3933 "-" "Mozilla/4.0 (compatible; MSIE 7.0; Windows NT 6.0)"
218.193.16.244 - - [10/Oct/2013:09:07:48 ] "GET /xmlrpc.php HTTP/1.0" 200 2959 "http://yahoo.com/top_online_shops" "Mozilla/5.0 (Windows; U; MSIE 9.0; WIndows NT 9.0; en-US))"
16.180.70.237 - - [10/Oct/2013:09:09:10 ] "GET /wp-admin HTTP/1.0" 200 3346 "http://yahoo.com/top_online_shops" "Mozilla/5.0 (Linux; U; Android 2.3.5; en-us; HTC Vision Build/GRI40) AppleWebKit/533.1 (KHTML, like Gecko) Version/4.0 Mobile Safari/533.1"
244.157.45.12 - - [10/Oct/2013:09:12:06 ] "GET /posts/posts/explore HTTP/1.0" 200 2126 "-" "Mozilla/5.0 (Windows NT 5.1; rv:31.0) Gecko/20100101 Firefox/31.0"
123.221.14.56 - - [10/Oct/2013:09:15:17 ] "GET /explore HTTP/1.0" 200 3640 "http://searchengine.com" "Mozilla/4.0 (compatible; MSIE 7.0; Windows NT 6.0)"
81.73.150.239 - - [10/Oct/2013:09:18:03 ] "GET /list HTTP/1.0" 200 3971 "http://searchengine.com" "Mozilla/5.0 (Macintosh; Intel Mac OS X 10_9_2) AppleWebKit/537.36 (KHTML, like Gecko) Chrome/36.0.1944.0 Safari/537.36"
123.221.14.56 - - [10/Oct/2013:09:20:08 ] "GET /wp-admin HTTP/1.0" 200 2766 "-" "Mozilla/5.0 (Macintosh; Intel Mac OS X 10_9_2) AppleWebKit/537.36 (KHTML, like Gecko) Chrome/36.0.1944.0 Safari/537.36"
16.180.70.237 - - [10/Oct/2013:09:21:59 ] "GET /explore HTTP/1.0" 200 3374 "http://searchengine.com" "Mozilla/5.0 (Linux; U; Android 2.3.5; en-us; HTC Vision Build/GRI40) AppleWebKit/533.1 (KHTML, like Gecko) Version/4.0 Mobile Safari/533.1"
198.122.118.164 - - [10/Oct/2013:09:24:48 ] "GET /apps/cart.php?appID= HTTP/1.0" 200 3167 "http://yahoo.com/top_online_shops" "Mozilla/5.0 (Linux; U; Android 2.3.5; en-us; HTC Vision Build/GRI40) AppleWebKit/533.1 (KHTML, like Gecko) Version/4.0 Mobile Safari/533.1"
237.43.24.118 - - [10/Oct/2013:09:26:37 ] "GET /xmlrpc.php HTTP/1.0" 200 4061 "http://cred.club" "Mozilla/5.0 (Windows; U; Windows NT 6.1; rv:2.2) Gecko/20110201"
244.157.45.12 - - [10/Oct/2013:09:29:30 ] "GET /wp-admin HTTP/1.0" 200 2860 "-" "Mozilla/5.0 (iPad; CPU OS 6_0 like Mac OS X) AppleWebKit/536.26 (KHTML, like Gecko) Version/6.0 Mobile/10A5355d Safari/8536.25"
237.43.24.118 - - [10/Oct/2013:09:32:53 ] "GET /apps/cart.php?appID= HTTP/1.0" 200 3657 "http://www.makemypayments.com" "Mozilla/5.0 (Windows; U; Windows NT 6.1; rv:2.2) Gecko/20110201"
81.73.150.239 - - [10/Oct/2013:09:33:35 ] "GET /app/main/posts HTTP/1.0" 200 4431 "-" "Mozilla/4.0 (compatible; MSIE 7.0; Windows NT 6.0)"
244.157.45.12 - - [10/Oct/2013:09:35:04 ] "GET /xmlrpc.php HTTP/1.0" 200 4386 "http://yahoo.com/top_online_shops" "Mozilla/5.0 (Windows; U; Windows NT 6.1; rv:2.2) Gecko/20110201"
233.192.62.103 - - [10/Oct/2013:09:37:46 ] "GET /wp-admin HTTP/1.0" 200 4202 "http://searchengine.com" "Mozilla/5.0 (Windows; U; MSIE 9.0; WIndows NT 9.0; en-US))"
10.182.189.79 - - [10/Oct/2013:09:41:36 ] "GET /search/tag/list HTTP/1.0" 200 4029 "http://www.makemypayments.com" "Mozilla/5.0 (Windows NT 5.1; rv:31.0) Gecko/20100101 Firefox/31.0"
218.193.16.244 - - [10/Oct/2013:09:43:47 ] "GET /posts/posts/explore HTTP/1.0" 200 2641 "-" "Mozilla/5.0 (Windows NT 5.1; rv:31.0) Gecko/20100101 Firefox/31.0"
218.193.16.244 - - [10/Oct/2013:09:48:34 ] "GET /wp-content HTTP/1.0" 200 4558 "http://cred.club" "Mozilla/5.0 (Windows NT 5.1; rv:31.0) Gecko/20100101 Firefox/31.0"
10.182.189.79 - - [10/Oct/2013:09:53:31 ] "GET /apps/cart.php?appID= HTTP/1.0" 200 2943 "http://searchengine.com" "Mozilla/5.0 (Windows NT 5.1; rv:31.0) Gecko/20100101 Firefox/31.0"
233.192.62.103 - - [10/Oct/2013:09:56:52 ] "GET /explore HTTP/1.0" 200 3853 "http://www.makemypayments.com" "Mozilla/5.0 (Windows; U; MSIE 9.0; WIndows NT 9.0; en-US))"
244.157.45.12 - - [10/Oct/2013:10:01:11 ] "GET /posts/posts/explore HTTP/1.0" 200 3181 "http://searchengine.com" "Mozilla/5.0 (Macintosh; Intel Mac OS X 10_9_2) AppleWebKit/537.36 (KHTML, like Gecko) Chrome/36.0.1944.0 Safari/537.36"
233.192.62.103 - - [10/Oct/2013:10:03:34 ] "GET /search/tag/list HTTP/1.0" 200 4623 "-" "Mozilla/5.0 (Macintosh; Intel Mac OS X 10_9_2) AppleWebKit/537.36 (KHTML, like Gecko) Chrome/36.0.1944.0 Safari/537.36"
114.214.178.92 - - [10/Oct/2013:10:04:41 ] "GET /search/tag/list HTTP/1.0" 200 3921 "http://cred.club" "Mozilla/5.0 (Windows; U; MSIE 9.0; WIndows NT 9.0; en-US))"
114.214.178.92 - - [10/Oct/2013:10:09:35 ] "GET /wp-content HTTP/1.0" 200 3745 "http://yahoo.com/top_online_shops" "Mozilla/4.0 (compatible; MSIE 7.0; Windows NT 6.0)"
10.182.189.79 - - [10/Oct/2013:10:10:10 ] "GET /apps/cart.php?appID= HTTP/1.0" 200 3302 "http://www.makemypayments.com" "Mozilla/5.0 (iPad; CPU OS 6_0 like Mac OS X) AppleWebKit/536.26 (KHTML, like Gecko) Version/6.0 Mobile/10A5355d Safari/8536.25"
233.192.62.103 - - [10/Oct/2013:10:14:04 ] "GET /wp-content HTTP/1.0" 200 2582 "http://www.makemypayments.com" "Mozilla/5.0 (Windows; U; Windows NT 6.1; rv:2.2) Gecko/20110201"
233.192.62.103 - - [10/Oct/2013:10:16:18 ] "GET /xmlrpc.php HTTP/1.0" 200 2794 "http://cred.club" "Mozilla/4.0 (compatible; MSIE 7.0; Windows NT 6.0)"
114.214.178.92 - - [10/Oct/2013:10:19:02 ] "GET /wp-admin HTTP/1.0" 200 4556 "http://cred.club" "Mozilla/5.0 (Windows NT 5.1; rv:31.0) Gecko/20100101 Firefox/31.0"
114.214.178.92 - - [10/Oct/2013:10:22:51 ] "GET /app/main/posts HTTP/1.0" 200 2416 "http://searchengine.com" "Mozilla/5.0 (Macintosh; Intel Mac OS X 10_9_2) AppleWebKit/537.36 (KHTML, like Gecko) Chrome/36.0.1944.0 Safari/537.36"
123.221.14.56 - - [10/Oct/2013:10:26:25 ] "GET /search/tag/list HTTP/1.0" 200 3011 "http://yahoo.com/top_online_shops" "Mozilla/5.0 (Windows; U; Windows NT 6.1; rv:2.2) Gecko/20110201"
81.73.150.239 - - [10/Oct/2013:10:28:40 ] "GET /posts/posts/explore HTTP/1.0" 200 3097 "http://www.makemypayments.com" "Mozilla/5.0 (Windows; U; MSIE 9.0; WIndows NT 9.0; en-US))"
123.221.14.56 - - [10/Oct/2013:10:32:25 ] "GET /wp-content HTTP/1.0" 200 2998 "http://yahoo.com/top_online_shops" "Mozilla/5.0 (Windows; U; MSIE 9.0; WIndows NT 9.0; en-US))"
244.157.45.12 - - [10/Oct/2013:10:34:32 ] "GET /apps/cart.php?appID= HTTP/1.0" 200 3229 "http://www.makemypayments.com" "Mozilla/5.0 (Linux; U; Android 2.3.5; en-us; HTC Vision Build/GRI40) AppleWebKit/533.1 (KHTML, like Gecko) Version/4.0 Mobile Safari/533.1"
81.73.150.239 - - [10/Oct/2013:10:39:16 ] "GET /wp-admin HTTP/1.0" 200 3057 "http://searchengine.com" "Mozilla/5.0 (iPad; CPU OS 6_0 like Mac OS X) AppleWebKit/536.26 (KHTML, like Gecko) Version/6.0 Mobile/10A5355d Safari/8536.25"
10.182.189.79 - - [10/Oct/2013:10:40:22 ] "GET /app/main/posts HTTP/1.0" 200 2628 "http://searchengine.com" "Mozilla/4.0 (compatible; MSIE 7.0; Windows NT 6.0)"
10.182.189.79 - - [10/Oct/2013:10:44:51 ] "GET /explore HTTP/1.0" 200 2052 "http://yahoo.com/top_online_shops" "Mozilla/5.0 (Windows; U; Windows NT 6.1; rv:2.2) Gecko/20110201"
123.221.14.56 - - [10/Oct/2013:10:49:20 ] "GET /explore HTTP/1.0" 200 4536 "http://www.makemypayments.com" "Mozilla/5.0 (Macintosh; Intel Mac OS X 10_9_2) AppleWebKit/537.36 (KHTML, like Gecko) Chrome/36.0.1944.0 Safari/537.36"
237.43.24.118 - - [10/Oct/2013:10:51:04 ] "GET /app/main/posts HTTP/1.0" 200 4838 "http://www.makemypayments.com" "Mozilla/4.0 (compatible; MSIE 7.0; Windows NT 6.0)"
233.192.62.103 - - [10/Oct/2013:10:55:03 ] "GET /posts/posts/explore HTTP/1.0" 200 4981 "http://www.makemypayments.com" "Mozilla/5.0 (iPad; CPU OS 6_0 like Mac OS X) AppleWebKit/536.26 (KHTML, like Gecko) Version/6.0 Mobile/10A5355d Safari/8536.25"
244.157.45.12 - - [10/Oct/2013:10:56:01 ] "GET /list HTTP/1.0" 200 2054 "http://yahoo.com/top_online_shops" "Mozilla/4.0 (compatible; MSIE 7.0; Windows NT 6.0)"
81.73.150.239 - - [10/Oct/2013:10:59:40 ] "GET /wp-admin HTTP/1.0" 200 2870 "http://www.makemypayments.com" "Mozilla/5.0 (iPad; CPU OS 6_0 like Mac OS X) AppleWebKit/536.26 (KHTML, like Gecko) Version/6.0 Mobile/10A5355d Safari/8536.25"
244.157.45.12 - - [10/Oct/2013:11:01:21 ] "GET /wp-content HTTP/1.0" 200 2541 "http://cred.club" "Mozilla/4.0 (compatible; MSIE 7.0; Windows NT 6.0)"
16.180.70.237 - - [10/Oct/2013:11:04:27 ] "GET /list HTTP/1.0" 200 4329 "http://www.makemypayments.com" "Mozilla/5.0 (iPad; CPU OS 6_0 like Mac OS X) AppleWebKit/536.26 (KHTML, like Gecko) Version/6.0 Mobile/10A5355d Safari/8536.25"
114.214.178.92 - - [10/Oct/2013:11:05:52 ] "GET /xmlrpc.php HTTP/1.0" 200 2812 "http://cred.club" "Mozilla/5.0 (Windows NT 5.1; rv:31.0) Gecko/20100101 Firefox/31.0"
123.221.14.56 - - [10/Oct/2013:11:09:42 ] "GET /wp-admin HTTP/1.0" 200 2082 "http://searchengine.com" "Mozilla/5.0 (Windows; U; Windows NT 6.1; rv:2.2) Gecko/20110201"
244.157.45.12 - - [10/Oct/2013:11:14:25 ] "GET /list HTTP/1.0" 200 3948 "http://searchengine.com" "Mozilla/5.0 (iPad; CPU OS 6_0 like Mac OS X) AppleWebKit/536.26 (KHTML, like Gecko) Version/6.0 Mobile/10A5355d Safari/8536.25"
123.221.14.56 - - [10/Oct/2013:11:18:06 ] "GET /app/main/posts HTTP/1.0" 200 3470 "http://www.makemypayments.com" "Mozilla/5.0 (Windows; U; Windows NT 6.1; rv:2.2) Gecko/20110201"
237.43.24.118 - - [10/Oct/2013:11:19:09 ] "GET /apps/cart.php?appID= HTTP/1.0" 200 4629 "http://yahoo.com/top_online_shops" "Mozilla/5.0 (Macintosh; Intel Mac OS X 10_9_2) AppleWebKit/537.36 (KHTML, like Gecko) Chrome/36.0.1944.0 Safari/537.36"
233.192.62.103 - - [10/Oct/2013:11:21:38 ] "GET /wp-content HTTP/1.0" 200 3485 "-" "Mozilla/5.0 (Linux; U; Android 2.3.5; en-us; HTC Vision Build/GRI40) AppleWebKit/533.1 (KHTML, like Gecko) Version/4.0 Mobile Safari/533.1"
81.73.150.239 - - [10/Oct/2013:11:23:35 ] "GET /posts/posts/explore HTTP/1.0" 200 4340 "http://searchengine.com" "Mozilla/4.0 (compatible; MSIE 7.0; Windows NT 6.0)"
244.157.45.12 - - [10/Oct/2013:11:26:33 ] "GET /app/main/posts HTTP/1.0" 200 4091 "http://cred.club" "Mozilla/5.0 (Macintosh; Intel Mac OS X 10_9_2) AppleWebKit/537.36 (KHTML, like Gecko) Chrome/36.0.1944.0 Safari/537.36"
16.180.70.237 - - [10/Oct/2013:11:28:52 ] "GET /apps/cart.php?appID= HTTP/1.0" 200 3447 "-" "Mozilla/5.0 (Windows NT 5.1; rv:31.0) Gecko/20100101 Firefox/31.0"
233.192.62.103 - - [10/Oct/2013:11:31:22 ] "GET /search/tag/list HTTP/1.0" 200 2943 "http://searchengine.com" "Mozilla/5.0 (Linux; U; Android 2.3.5; en-us; HTC Vision Build/GRI40) AppleWebKit/533.1 (KHTML, like Gecko) Version/4.0 Mobile Safari/533.1"
198.122.118.164 - - [10/Oct/2013:11:34:30 ] "GET /app/main/posts HTTP/1.0" 200 4604 "http://www.makemypayments.com" "Mozilla/5.0 (Windows; U; Windows NT 6.1; rv:2.2) Gecko/20110201"
