244.157.45.12 - - [10/Oct/2013:11:37:35 ] "GET /wp-content HTTP/1.0" 200 2499 "http://searchengine.com" "Mozilla/5.0 (Windows NT 5.1; rv:31.0) Gecko/20100101 Firefox/31.0"
10.182.189.79 - - [10/Oct/2013:11:39:30 ] "GET /apps/cart.php?appID= HTTP/1.0" 200 3402 "http://searchengine.com" "Mozilla/5.0 (Macintosh; Intel Mac OS X 10_9_2) AppleWebKit/537.36 (KHTML, like Gecko) Chrome/36.0.1944.0 Safari/537.36"
198.122.118.164 - - [10/Oct/2013:11:41:59 ] "GET /list HTTP/1.0" 200 2248 "-" "Mozilla/4.0 (compatible; MSIE 7.0; Windows NT 6.0)"
198.122.118.164 - - [10/Oct/2013:11:45:55 ] "GET /wp-admin HTTP/1.0" 200 3199 "http://cred.club" "Mozilla/5.0 (iPad; CPU OS 6_0 like Mac OS X) AppleWebKit/536.26 (KHTML, like Gecko) Version/6.0 Mobile/10A5355d Safari/8536.25"
123.221.14.56 - - [10/Oct/2013:11:49:57 ] "GET /app/main/posts HTTP/1.0" 200 4991 "-" "Mozilla/5.0 (Macintosh; Intel Mac OS X 10_9_2) AppleWebKit/537.36 (KHTML, like Gecko) Chrome/36.0.1944.0 Safari/537.36"
114.214.178.92 - - [10/Oct/2013:11:50:57 ] "GET /app/main/posts HTTP/1.0" 200 4202 "http://yahoo.com/top_online_shops" "Mozilla/5.0 (Windows; U; Windows NT 6.1; rv:2.2) Gecko/20110201"
233.192.62.103 - - [10/Oct/2013:11:51:37 ] "GET /list HTTP/1.0" 200 2044 "http://yahoo.com/top_online_shops" "Mozilla/4.0 (compatible; MSIE 7.0; Windows NT 6.0)"
233.192.62.103 - - [10/Oct/2013:11:56:32 ] "GET /posts/posts/explore HTTP/1.0" 200 4312 "http://yahoo.com/top_online_shops" "Mozilla/4.0 (compatible; MSIE 7.0; Windows NT 6.0)"
218.193.16.244 - - [10/Oct/2013:11:57:11 ] "GET /search/tag/list HTTP/1.0" 200 3240 "http://searchengine.com" "Mozilla/4.0 (compatible; MSIE 7.0; Windows NT 6.0)"
198.122.118.164 - - [10/Oct/2013:11:58:29 ] "GET /wp-admin HTTP/1.0" 200 4409 "http://cred.club" "Mozilla/5.0 (Windows NT 5.1; rv:31.0) Gecko/20100101 Firefox/31.0"
16.180.70.237 - - [10/Oct/2013:11:59:25 ] "GET /wp-content HTTP/1.0" 200 4728 "http://cred.club" "Mozilla/5.0 (Windows NT 5.1; rv:31.0) Gecko/20100101 Firefox/31.0"
123.221.14.56 - - [10/Oct/2013:12:04:11 ] "GET /wp-admin HTTP/1.0" 200 2138 "http://yahoo.com/top_online_shops" "Mozilla/5.0 (Windows; U; MSIE 9.0; WIndows NT 9.0; en-US))"
218.193.16.244 - - [10/Oct/2013:12:07:29 ] "GET /explore HTTP/1.0" 200 4513 "http://yahoo.com/top_online_shops" "Mozilla/5.0 (Linux; U; Android 2.3.5; en-us; HTC Vision Build/GRI40) AppleWebKit/533.1 (KHTML, like Gecko) Version/4.0 Mobile Safari/533.1"
244.157.45.12 - - [10/Oct/2013:12:09:17 ] "GET /search/tag/list HTTP/1.0" 200 2096 "-" "Mozilla/5.0 (Windows NT 5.1; rv:31.0) Gecko/20100101 Firefox/31.0"
114.214.178.92 - - [10/Oct/2013:12:13:40 ] "GET /app/main/posts HTTP/1.0" 200 4214 "-" "Mozilla/4.0 (compatible; MSIE 7.0; Windows NT 6.0)"
114.214.178.92 - - [10/Oct/2013:12:18:13 ] "GET /wp-admin HTTP/1.0" 200 4573 "http://cred.club" "Mozilla/5.0 (Macintosh; Intel Mac OS X 10_9_2) AppleWebKit/537.36 (KHTML, like Gecko) Chrome/36.0.1944.0 Safari/537.36"
114.214.178.92 - - [10/Oct/2013:12:19:53 ] "GET /wp-admin HTTP/1.0" 200 2718 "http://searchengine.com" "Mozilla/5.0 (Windows; U; MSIE 9.0; WIndows NT 9.0; en-US))"
237.43.24.118 - - [10/Oct/2013:12:21:33 ] "GET /search/tag/list HTTP/1.0" 200 4199 "http://www.makemypayments.com" "Mozilla/5.0 (Windows; U; MSIE 9.0; WIndows NT 9.0; en-US))"
16.180.70.237 - - [10/Oct/2013:12:24:58 ] "GET /xmlrpc.php HTTP/1.0" 200 4773 "-" "Mozilla/5.0 (iPad; CPU OS 6_0 like Mac OS X) AppleWebKit/536.26 (KHTML, like Gecko) Version/6.0 Mobile/10A5355d Safari/8536.25"
114.214.178.92 - - [10/Oct/2013:12:26:59 ] "GET /xmlrpc.php HTTP/1.0" 200 3955 "http://www.makemypayments.com" "Mozilla/5.0 (Linux; U; Android 2.3.5; en-us; HTC Vision Build/GRI40) AppleWebKit/533.1 (KHTML, like Gecko) Version/4.0 Mobile Safari/533.1"
244.157.45.12 - - [10/Oct/2013:12:28:14 ] "GET /app/main/posts HTTP/1.0" 200 2874 "http://www.makemypayments.com" "Mozilla/5.0 (Windows NT 5.1; rv:31.0) Gecko/20100101 Firefox/31.0"
244.157.45.12 - - [10/Oct/2013:12:31:48 ] "GET /list HTTP/1.0" 200 2757 "http://www.makemypayments.com" "Mozilla/5.0 (iPad; CPU OS 6_0 like Mac OS X) AppleWebKit/536.26 (KHTML, like Gecko) Version/6.0 Mobile/10A5355d Safari/8536.25"
16.180.70.237 - - [10/Oct/2013:12:32:29 ] "GET /search/tag/list HTTP/1.0" 200 4347 "http://yahoo.com/top_online_shops" "Mozilla/5.0 (Macintosh; Intel Mac OS X 10_9_2) AppleWebKit/537.36 (KHTML, like Gecko) Chrome/36.0.1944.0 Safari/537.36"
16.180.70.237 - - [10/Oct/2013:12:34:06 ] "GET /xmlrpc.php HTTP/1.0" 200 3482 "http://www.makemypayments.com" "Mozilla/4.0 (compatible; MSIE 7.0; Windows NT 6.0)"
10.182.189.79 - - [10/Oct/2013:12:35:09 ] "GET /wp-content HTTP/1.0" 200 4682 "http://yahoo.com/top_online_shops" "Mozilla/5.0 (Windows; U; MSIE 9.0; WIndows NT 9.0; en-US))"
244.157.45.12 - - [10/Oct/2013:12:39:06 ] "GET /list HTTP/1.0" 200 4971 "http://searchengine.com" "Mozilla/5.0 (Macintosh; Intel Mac OS X 10_9_2) AppleWebKit/537.36 (KHTML, like Gecko) Chrome/36.0.1944.0 Safari/537.36"
10.182.189.79 - - [10/Oct/2013:12:40:40 ] "GET /xmlrpc.php HTTP/1.0" 200 3697 "http://cred.club" "Mozilla/5.0 (iPad; CPU OS 6_0 like Mac OS X) AppleWebKit/536.26 (KHTML, like Gecko) Version/6.0 Mobile/10A5355d Safari/8536.25"
198.122.118.164 - - [10/Oct/2013:12:41:12 ] "GET /wp-admin HTTP/1.0" 200 4565 "http://searchengine.com" "Mozilla/5.0 (Windows NT 5.1; rv:31.0) Gecko/20100101 Firefox/31.0"
123.221.14.56 - - [10/Oct/2013:12:44:07 ] "GET /wp-content HTTP/1.0" 200 4169 "http://cred.club" "Mozilla/5.0 (Linux; U; Android 2.3.5; en-us; HTC Vision Build/GRI40) AppleWebKit/533.1 (KHTML, like Gecko) Version/4.0 Mobile Safari/533.1"
198.122.118.164 - - [10/Oct/2013:12:47:21 ] "GET /list HTTP/1.0" 200 3196 "http://searchengine.com" "Mozilla/5.0 (Linux; U; Android 2.3.5; en-us; HTC Vision Build/GRI40) AppleWebKit/533.1 (KHTML, like Gecko) Version/4.0 Mobile Safari/533.1"
10.182.189.79 - - [10/Oct/2013:12:50:04 ] "GET /explore HTTP/1.0" 200 3635 "-" "Mozilla/5.0 (Linux; U; Android 2.3.5; en-us; HTC Vision Build/GRI40) AppleWebKit/533.1 (KHTML, like Gecko) Version/4.0 Mobile Safari/533.1"
10.182.189.79 - - [10/Oct/2013:12:51:58 ] "GET /xmlrpc.php HTTP/1.0" 200 4009 "http://cred.club" "Mozilla/5.0 (Linux; U; Android 2.3.5; en-us; HTC Vision Build/GRI40) AppleWebKit/533.1 (KHTML, like Gecko) Version/4.0 Mobile Safari/533.1"
218.193.16.244 - - [10/Oct/2013:12:56:16 ] "GET /app/main/posts HTTP/1.0" 200 2797 "http://searchengine.com" "Mozilla/5.0 (Windows NT 5.1; rv:31.0) Gecko/20100101 Firefox/31.0"
244.157.45.12 - - [10/Oct/2013:13:00:01 ] "GET /search/tag/list HTTP/1.0" 200 4725 "-" "Mozilla/4.0 (compatible; MSIE 7.0; Windows NT 6.0)"
10.182.189.79 - - [10/Oct/2013:13:02:50 ] "GET /wp-content HTTP/1.0" 200 2678 "http://cred.club" "Mozilla/5.0 (Windows; U; Windows NT 6.1; rv:2.2) Gecko/20110201"
123.221.14.56 - - [10/Oct/2013:13:07:04 ] "GET /posts/posts/explore HTTP/1.0" 200 2944 "http://www.makemypayments.com" "Mozilla/5.0 (iPad; CPU OS 6_0 like Mac OS X) AppleWebKit/536.26 (KHTML, like Gecko) Version/6.0 Mobile/10A5355d Safari/8536.25"
237.43.24.118 - - [10/Oct/2013:13:10:35 ] "GET /wp-admin HTTP/1.0" 200 2555 "http://cred.club" "Mozilla/5.0 (Windows; U; Windows NT 6.1; rv:2.2) Gecko/20110201"
244.157.45.12 - - [10/Oct/2013:13:15:26 ] "GET /explore HTTP/1.0" 200 3647 "http://www.makemypayments.com" "Mozilla/5.0 (Windows; U; MSIE 9.0; WIndows NT 9.0; en-US))"
237.43.24.118 - - [10/Oct/2013:13:19:16 ] "GET /posts/posts/explore HTTP/1.0" 200 2601 "http://yahoo.com/top_online_shops" "Mozilla/5.0 (Windows; U; MSIE 9.0; WIndows NT 9.0; en-US))"
10.182.189.79 - - [10/Oct/2013:13:20:24 ] "GET /apps/cart.php?appID= HTTP/1.0" 200 2397 "http://www.makemypayments.com" "Mozilla/5.0 (Macintosh; Intel Mac OS X 10_9_2) AppleWebKit/537.36 (KHTML, like Gecko) Chrome/36.0.1944.0 Safari/537.36"
10.182.189.79 - - [10/Oct/2013:13:23:19 ] "GET /posts/posts/explore HTTP/1.0" 200 2427 "http://www.makemypayments.com" "Mozilla/5.0 (iPad; CPU OS 6_0 like Mac OS X) AppleWebKit/536.26 (KHTML, like Gecko) Version/6.0 Mobile/10A5355d Safari/8536.25"
10.182.189.79 - - [10/Oct/2013:13:25:15 ] "GET /xmlrpc.php HTTP/1.0" 200 4589 "http://yahoo.com/top_online_shops" "Mozilla/5.0 (iPad; CPU OS 6_0 like Mac OS X) AppleWebKit/536.26 (KHTML, like Gecko) Version/6.0 Mobile/10A5355d Safari/8536.25"
81.73.150.239 - - [10/Oct/2013:13:26:55 ] "GET /search/tag/list HTTP/1.0" 200 2331 "-" "Mozilla/5.0 (Linux; U; Android 2.3.5; en-us; HTC Vision Build/GRI40) AppleWebKit/533.1 (KHTML, like Gecko) Version/4.0 Mobile Safari/533.1"
81.73.150.239 - - [10/Oct/2013:13:28:43 ] "GET /explore HTTP/1.0" 200 3254 "http://cred.club" "Mozilla/5.0 (Windows; U; Windows NT 6.1; rv:2.2) Gecko/20110201"
237.43.24.118 - - [10/Oct/2013:13:31:20 ] "GET /list HTTP/1.0" 200 4855 "http://cred.club" "Mozilla/5.0 (iPad; CPU OS 6_0 like Mac OS X) AppleWebKit/536.26 (KHTML, like Gecko) Version/6.0 Mobile/10A5355d Safari/8536.25"
198.122.118.164 - - [10/Oct/2013:13:34:01 ] "GET /posts/posts/explore HTTP/1.0" 200 2155 "http://yahoo.com/top_online_shops" "Mozilla/5.0 (iPad; CPU OS 6_0 like Mac OS X) AppleWebKit/536.26 (KHTML, like Gecko) Version/6.0 Mobile/10A5355d Safari/8536.25"
16.180.70.237 - - [10/Oct/2013:13:35:13 ] "GET /wp-content HTTP/1.0" 200 4369 "-" "Mozilla/5.0 (Windows NT 5.1; rv:31.0) Gecko/20100101 Firefox/31.0"
233.192.62.103 - - [10/Oct/2013:13:39:56 ] "GET /xmlrpc.php HTTP/1.0" 200 2803 "-" "Mozilla/5.0 (Macintosh; Intel Mac OS X 10_9_2) AppleWebKit/537.36 (KHTML, like Gecko) Chrome/36.0.1944.0 Safari/537.36"
237.43.24.118 - - [10/Oct/2013:13:41:51 ] "GET /wp-content HTTP/1.0" 200 3653 "http://yahoo.com/top_online_shops" "Mozilla/4.0 (compatible; MSIE 7.0; Windows NT 6.0)"
233.192.62.103 - - [10/Oct/2013:13:45:29 ] "GET /wp-admin HTTP/1.0" 200 4888 "-" "Mozilla/5.0 (Windows; U; MSIE 9.0; WIndows NT 9.0; en-US))"
237.43.24.118 - - [10/Oct/2013:13:47:18 ] "GET /explore HTTP/1.0" 200 4728 "http://www.makemypayments.com" "Mozilla/4.0 (compatible; MSIE 7.0; Windows NT 6.0)"
244.157.45.12 - - [10/Oct/2013:13:52:18 ] "GET /app/main/posts HTTP/1.0" 200 4537 "-" "Mozilla/5.0 (Windows NT 5.1; rv:31.0) Gecko/20100101 Firefox/31.0"
114.214.178.92 - - [10/Oct/2013:13:56:28 ] "GET /wp-admin HTTP/1.0" 200 2248 "http://searchengine.com" "Mozilla/5.0 (Linux; U; Android 2.3.5; en-us; HTC Vision Build/GRI40) AppleWebKit/533.1 (KHTML, like Gecko) Version/4.0 Mobile Safari/533.1"
233.192.62.103 - - [10/Oct/2013:13:59:14 ] "GET /apps/cart.php?appID= HTTP/1.0" 200 4938 "http://www.makemypayments.com" "Mozilla/4.0 (compatible; MSIE 7.0; Windows NT 6.0)"
114.214.178.92 - - [10/Oct/2013:14:04:06 ] "GET /posts/posts/explore HTTP/1.0" 200 3533 "http://yahoo.com/top_online_shops" "Mozilla/4.0 (compatible; MSIE 7.0; Windows NT 6.0)"
10.182.189.79 - - [10/Oct/2013:14:06:13 ] "GET /xmlrpc.php HTTP/1.0" 200 3949 "http://yahoo.com/top_online_shops" "Mozilla/4.0 (compatible; MSIE 7.0; Windows NT 6.0)"
81.73.150.239 - - [10/Oct/2013:14:08:42 ] "GET /search/tag/list HTTP/1.0" 200 4247 "http://www.makemypayments.com" "Mozilla/5.0 (Linux; U; Android 2.3.5; en-us; HTC Vision Build/GRI40) AppleWebKit/533.1 (KHTML, like Gecko) Version/4.0 Mobile Safari/533.1"
81.73.150.239 - - [10/Oct/2013:14:09:36 ] "GET /search/tag/list HTTP/1.0" 200 3579 "-" "Mozilla/5.0 (Windows; U; MSIE 9.0; WIndows NT 9.0; en-US))"
237.43.24.118 - - [10/Oct/2013:14:10:27 ] "GET /wp-content HTTP/1.0" 200 4807 "http://cred.club" "Mozilla/5.0 (Macintosh; Intel Mac OS X 10_9_2) AppleWebKit/537.36 (KHTML, like Gecko) Chrome/36.0.1944.0 Safari/537.36"
10.182.189.79 - - [10/Oct/2013:14:15:21 ] "GET /app/main/posts HTTP/1.0" 200 2467 "http://cred.club" "Mozilla/5.0 (Windows NT 5.1; rv:31.0) Gecko/20100101 Firefox/31.0"
114.214.178.92 - - [10/Oct/2013:14:16:13 ] "GET /explore HTTP/1.0" 200 3226 "-" "Mozilla/5.0 (Windows; U; Windows NT 6.1; rv:2.2) Gecko/20110201"
244.157.45.12 - - [10/Oct/2013:14:16:57 ] "GET /search/tag/list HTTP/1.0" 200 3169 "http://searchengine.com" "Mozilla/5.0 (Windows; U; Windows NT 6.1; rv:2.2) Gecko/20110201"
237.43.24.118 - - [10/Oct/2013:14:21:21 ] "GET /posts/posts/explore HTTP/1.0" 200 3892 "http://yahoo.com/top_online_shops" "Mozilla/4.0 (compatible; MSIE 7.0; Windows NT 6.0)"
10.182.189.79 - - [10/Oct/2013:14:21:58 ] "GET /list HTTP/1.0" 200 2297 "-" "Mozilla/5.0 (Windows NT 5.1; rv:31.0) Gecko/20100101 Firefox/31.0"
16.180.70.237 - - [10/Oct/2013:14:26:33 ] "GET /list HTTP/1.0" 200 4213 "-" "Mozilla/5.0 (iPad; CPU OS 6_0 like Mac OS X) AppleWebKit/536.26 (KHTML, like Gecko) Version/6.0 Mobile/10A5355d Safari/8536.25"
10.182.189.79 - - [10/Oct/2013:14:27:51 ] "GET /list HTTP/1.0" 200 3636 "-" "Mozilla/5.0 (Windows NT 5.1; rv:31.0) Gecko/20100101 Firefox/31.0"
237.43.24.118 - - [10/Oct/2013:14:28:55 ] "GET /apps/cart.php?appID= HTTP/1.0" 200 2784 "http://cred.club" "Mozilla/5.0 (Macintosh; Intel Mac OS X 10_9_2) AppleWebKit/537.36 (KHTML, like Gecko) Chrome/36.0.1944.0 Safari/537.36"
81.73.150.239 - - [10/Oct/2013:14:32:27 ] "GET /posts/posts/explore HTTP/1.0" 200 2118 "http://cred.club" "Mozilla/5.0 (Windows NT 5.1; rv:31.0) Gecko/20100101 Firefox/31.0"
233.192.62.103 - - [10/Oct/2013:14:33:10 ] "GET /app/main/posts HTTP/1.0" 200 4505 "http://yahoo.com/top_online_shops" "Mozilla/5.0 (Windows; U; MSIE 9.0; WIndows NT 9.0; en-US))"
10.182.189.79 - - [10/Oct/2013:14:36:23 ] "GET /explore HTTP/1.0" 200 2468 "http://yahoo.com/top_online_shops" "Mozilla/5.0 (Windows; U; Windows NT 6.1; rv:2.2) Gecko/20110201"
16.180.70.237 - - [10/Oct/2013:14:41:16 ] "GET /search/tag/list HTTP/1.0" 200 3011 "http://yahoo.com/top_online_shops" "Mozilla/5.0 (Macintosh; Intel Mac OS X 10_9_2) AppleWebKit/537.36 (KHTML, like Gecko) Chrome/36.0.1944.0 Safari/537.36"
237.43.24.118 - - [10/Oct/2013:14:45:05 ] "GET /wp-admin HTTP/1.0" 200 4504 "http://yahoo.com/top_online_shops" "Mozilla/5.0 (iPad; CPU OS 6_0 like Mac OS X) AppleWebKit/536.26 (KHTML, like Gecko) Version/6.0 Mobile/10A5355d Safari/8536.25"
233.192.62.103 - - [10/Oct/2013:14:48:12 ] "GET /apps/cart.php?appID= HTTP/1.0" 200 2939 "http://searchengine.com" "Mozilla/5.0 (iPad; CPU OS 6_0 like Mac OS X) AppleWebKit/536.26 (KHTML, like Gecko) Version/6.0 Mobile/10A5355d Safari/8536.25"
10.182.189.79 - - [10/Oct/2013:14:49:05 ] "GET /apps/cart.php?appID= HTTP/1.0" 200 4262 "http://www.makemypayments.com" "Mozilla/5.0 (Macintosh; Intel Mac OS X 10_9_2) AppleWebKit/537.36 (KHTML, like Gecko) Chrome/36.0.1944.0 Safari/537.36"
123.221.14.56 - - [10/Oct/2013:14:52:29 ] "GET /posts/posts/explore HTTP/1.0" 200 4518 "-" "Mozilla/5.0 (iPad; CPU OS 6_0 like Mac OS X) AppleWebKit/536.26 (KHTML, like Gecko) Version/6.0 Mobile/10A5355d Safari/8536.25"
114.214.178.92 - - [10/Oct/2013:14:53:25 ] "GET /posts/posts/explore HTTP/1.0" 200 2749 "http://cred.club" "Mozilla/5.0 (iPad; CPU OS 6_0 like Mac OS X) AppleWebKit/536.26 (KHTML, like Gecko) Version/6.0 Mobile/10A5355d Safari/8536.25"
123.221.14.56 - - [10/Oct/2013:14:57:54 ] "GET /wp-admin HTTP/1.0" 200 4893 "http://yahoo.com/top_online_shops" "Mozilla/5.0 (Windows; U; MSIE 9.0; WIndows NT 9.0; en-US))"
16.180.70.237 - - [10/Oct/2013:15:01:40 ] "GET /posts/posts/explore HTTP/1.0" 200 4299 "-" "Mozilla/5.0 (iPad; CPU OS 6_0 like Mac OS X) AppleWebKit/536.26 (KHTML, like Gecko) Version/6.0 Mobile/10A5355d Safari/8536.25"
237.43.24.118 - - [10/Oct/2013:15:04:28 ] "GET /search/tag/list HTTP/1.0" 200 2420 "-" "Mozilla/5.0 (Linux; U; Android 2.3.5; en-us; HTC Vision Build/GRI40) AppleWebKit/533.1 (KHTML, like Gecko) Version/4.0 Mobile Safari/533.1"
244.157.45.12 - - [10/Oct/2013:15:05:20 ] "GET /list HTTP/1.0" 200 3575 "http://www.makemypayments.com" "Mozilla/5.0 (Linux; U; Android 2.3.5; en-us; HTC Vision Build/GRI40) AppleWebKit/533.1 (KHTML, like Gecko) Version/4.0 Mobile Safari/533.1"
123.221.14.56 - - [10/Oct/2013:15:07:28 ] "GET /xmlrpc.php HTTP/1.0" 200 4248 "http://cred.club" "Mozilla/5.0 (Macintosh; Intel Mac OS X 10_9_2) AppleWebKit/537.36 (KHTML, like Gecko) Chrome/36.0.1944.0 Safari/537.36"
123.221.14.56 - - [10/Oct/2013:15:09:15 ] "GET /apps/cart.php?appID= HTTP/1.0" 200 2938 "http://cred.club" "Mozilla/5.0 (Windows NT 5.1; rv:31.0) Gecko/20100101 Firefox/31.0"
10.182.189.79 - - [10/Oct/2013:15:12:41 ] "GET /apps/cart.php?appID= HTTP/1.0" 200 3109 "http://searchengine.com" "Mozilla/5.0 (Macintosh; Intel Mac OS X 10_9_2) AppleWebKit/537.36 (KHTML, like Gecko) Chrome/36.0.1944.0 Safari/537.36"
114.214.178.92 - - [10/Oct/2013:15:16:46 ] "GET /posts/posts/explore HTTP/1.0" 200 3199 "http://yahoo.com/top_online_shops" "Mozilla/5.0 (Windows; U; Windows NT 6.1; rv:2.2) Gecko/20110201"
16.180.70.237 - - [10/Oct/2013:15:20:03 ] "GET /apps/cart.php?appID= HTTP/1.0" 200 2984 "http://yahoo.com/top_online_shops" "Mozilla/5.0 (Windows NT 5.1; rv:31.0) Gecko/20100101 Firefox/31.0"
237.43.24.118 - - [10/Oct/2013:15:23:24 ] "GET /apps/cart.php?appID= HTTP/1.0" 200 2706 "http://cred.club" "Mozilla/5.0 (Linux; U; Android 2.3.5; en-us; HTC Vision Build/GRI40) AppleWebKit/533.1 (KHTML, like Gecko) Version/4.0 Mobile Safari/533.1"
81.73.150.239 - - [10/Oct/2013:15:28:18 ] "GET /wp-content HTTP/1.0" 200 2482 "-" "Mozilla/4.0 (compatible; MSIE 7.0; Windows NT 6.0)"
233.192.62.103 - - [10/Oct/2013:15:32:08 ] "GET /search/tag/list HTTP/1.0" 200 2441 "http://cred.club" "Mozilla/4.0 (compatible; MSIE 7.0; Windows NT 6.0)"
16.180.70.237 - - [10/Oct/2013:15:33:55 ] "GET /apps/cart.php?appID= HTTP/1.0" 200 4272 "-" "Mozilla/5.0 (Linux; U; Android 2.3.5; en-us; HTC Vision Build/GRI40) AppleWebKit/533.1 (KHTML, like Gecko) Version/4.0 Mobile Safari/533.1"
10.182.189.79 - - [10/Oct/2013:15:35:57 ] "GET /xmlrpc.php HTTP/1.0" 200 3528 "http://cred.club" "Mozilla/5.0 (Macintosh; Intel Mac OS X 10_9_2) AppleWebKit/537.36 (KHTML, like Gecko) Chrome/36.0.1944.0 Safari/537.36"
114.214.178.92 - - [10/Oct/2013:15:36:32 ] "GET /posts/posts/explore HTTP/1.0" 200 3300 "http://yahoo.com/top_online_shops" "Mozilla/5.0 (Linux; U; Android 2.3.5; en-us; HTC Vision Build/GRI40) AppleWebKit/533.1 (KHTML, like Gecko) Version/4.0 Mobile Safari/533.1"
114.214.178.92 - - [10/Oct/2013:15:41:30 ] "GET /search/tag/list HTTP/1.0" 200 4782 "http://yahoo.com/top_online_shops" "Mozilla/5.0 (iPad; CPU OS 6_0 like Mac OS X) AppleWebKit/536.26 (KHTML, like Gecko) Version/6.0 Mobile/10A5355d Safari/8536.25"
198.122.118.164 - - [10/Oct/2013:15:42:02 ] "GET /apps/cart.php?appID= HTTP/1.0" 200 3126 "http://cred.club" "Mozilla/5.0 (Windows; U; MSIE 9.0; WIndows NT 9.0; en-US))"
218.193.16.244 - - [10/Oct/2013:15:44:07 ] "GET /app/main/posts HTTP/1.0" 200 3382 "http://www.makemypayments.com" "Mozilla/5.0 (Linux; U; Android 2.3.5; en-us; HTC Vision Build/GRI40) AppleWebKit/533.1 (KHTML, like Gecko) Version/4.0 Mobile Safari/533.1"
233.192.62.103 - - [10/Oct/2013:15:45:51 ] "GET /app/main/posts HTTP/1.0" 200 2895 "http://cred.club" "Mozilla/5.0 (Windows; U; Windows NT 6.1; rv:2.2) Gecko/20110201"
123.221.14.56 - - [10/Oct/2013:15:49:05 ] "GET /explore HTTP/1.0" 200 3708 "http://searchengine.com" "Mozilla/5.0 (iPad; CPU OS 6_0 like Mac OS X) AppleWebKit/536.26 (KHTML, like Gecko) Version/6.0 Mobile/10A5355d Safari/8536.25"
114.214.178.92 - - [10/Oct/2013:15:51:40 ] "GET /app/main/posts HTTP/1.0" 200 4030 "http://cred.club" "Mozilla/5.0 (Windows NT 5.1; rv:31.0) Gecko/20100101 Firefox/31.0"
233.192.62.103 - - [10/Oct/2013:15:56:24 ] "GET /search/tag/list HTTP/1.0" 200 3819 "http://cred.club" "Mozilla/5.0 (Windows; U; Windows NT 6.1; rv:2.2) Gecko/20110201"
198.122.118.164 - - [10/Oct/2013:16:00:04 ] "GET /apps/cart.php?appID= HTTP/1.0" 200 4647 "http://yahoo.com/top_online_shops" "Mozilla/5.0 (Macintosh; Intel Mac OS X 10_9_2) AppleWebKit/537.36 (KHTML, like Gecko) Chrome/36.0.1944.0 Safari/537.36"
233.192.62.103 - - [10/Oct/2013:16:03:55 ] "GET /wp-admin HTTP/1.0" 200 2531 "http://yahoo.com/top_online_shops" "Mozilla/5.0 (Windows NT 5.1; rv:31.0) Gecko/20100101 Firefox/31.0"
218.193.16.244 - - [10/Oct/2013:16:04:30 ] "GET /app/main/posts HTTP/1.0" 200 3058 "http://cred.club" "Mozilla/5.0 (iPad; CPU OS 6_0 like Mac OS X) AppleWebKit/536.26 (KHTML, like Gecko) Version/6.0 Mobile/10A5355d Safari/8536.25"
233.192.62.103 - - [10/Oct/2013:16:06:54 ] "GET /search/tag/list HTTP/1.0" 200 4967 "-" "Mozilla/5.0 (Windows; U; MSIE 9.0; WIndows NT 9.0; en-US))"
16.180.70.237 - - [10/Oct/2013:16:09:04 ] "GET /list HTTP/1.0" 200 2859 "http://cred.club" "Mozilla/5.0 (Windows NT 5.1; rv:31.0) Gecko/20100101 Firefox/31.0"
233.192.62.103 - - [10/Oct/2013:16:13:12 ] "GET /posts/posts/explore HTTP/1.0" 200 4863 "-" "Mozilla/5.0 (Windows; U; MSIE 9.0; WIndows NT 9.0; en-US))"
233.192.62.103 - - [10/Oct/2013:16:14:12 ] "GET /list HTTP/1.0" 200 4127 "http://yahoo.com/top_online_shops" "Mozilla/4.0 (compatible; MSIE 7.0; Windows NT 6.0)"
123.221.14.56 - - [10/Oct/2013:16:19:07 ] "GET /app/main/posts HTTP/1.0" 200 4621 "http://yahoo.com/top_online_shops" "Mozilla/5.0 (Windows; U; Windows NT 6.1; rv:2.2) Gecko/20110201"
123.221.14.56 - - [10/Oct/2013:16:21:20 ] "GET /search/tag/list HTTP/1.0" 200 3351 "http://yahoo.com/top_online_shops" "Mozilla/4.0 (compatible; MSIE 7.0; Windows NT 6.0)"
244.157.45.12 - - [10/Oct/2013:16:22:50 ] "GET /wp-content HTTP/1.0" 200 4809 "http://cred.club" "Mozilla/5.0 (Windows; U; Windows NT 6.1; rv:2.2) Gecko/20110201"
244.157.45.12 - - [10/Oct/2013:16:26:56 ] "GET /wp-content HTTP/1.0" 200 4896 "http://www.makemypayments.com" "Mozilla/5.0 (Windows NT 5.1; rv:31.0) Gecko/20100101 Firefox/31.0"
16.180.70.237 - - [10/Oct/2013:16:28:08 ] "GET /apps/cart.php?appID= HTTP/1.0" 200 3311 "-" "Mozilla/5.0 (Windows; U; Windows NT 6.1; rv:2.2) Gecko/20110201"
244.157.45.12 - - [10/Oct/2013:16:32:43 ] "GET /explore HTTP/1.0" 200 2314 "-" "Mozilla/5.0 (Windows; U; MSIE 9.0; WIndows NT 9.0; en-US))"
218.193.16.244 - - [10/Oct/2013:16:35:36 ] "GET /list HTTP/1.0" 200 4597 "http://cred.club" "Mozilla/5.0 (Windows; U; MSIE 9.0; WIndows NT 9.0; en-US))"
114.214.178.92 - - [10/Oct/2013:16:40:12 ] "GET /wp-admin HTTP/1.0" 200 3658 "http://www.makemypayments.com" "Mozilla/5.0 (Windows; U; Windows NT 6.1; rv:2.2) Gecko/20110201"
114.214.178.92 - - [10/Oct/2013:16:42:37 ] "GET /explore HTTP/1.0" 200 3293 "http://searchengine.com" "Mozilla/5.0 (Linux; U; Android 2.3.5; en-us; HTC Vision Build/GRI40) AppleWebKit/533.1 (KHTML, like Gecko) Version/4.0 Mobile Safari/533.1"
198.122.118.164 - - [10/Oct/2013:16:47:36 ] "GET /app/main/posts HTTP/1.0" 200 4875 "http://searchengine.com" "Mozilla/5.0 (Linux; U; Android 2.3.5; en-us; HTC Vision Build/GRI40) AppleWebKit/533.1 (KHTML, like Gecko) Version/4.0 Mobile Safari/533.1"
81.73.150.239 - - [10/Oct/2013:16:48:40 ] "GET /posts/posts/explore HTTP/1.0" 200 4244 "-" "Mozilla/5.0 (iPad; CPU OS 6_0 like Mac OS X) AppleWebKit/536.26 (KHTML, like Gecko) Version/6.0 Mobile/10A5355d Safari/8536.25"
81.73.150.239 - - [10/Oct/2013:16:50:22 ] "GET /posts/posts/explore HTTP/1.0" 200 4982 "-" "Mozilla/5.0 (Macintosh; Intel Mac OS X 10_9_2) AppleWebKit/537.36 (KHTML, like Gecko) Chrome/36.0.1944.0 Safari/537.36"
16.180.70.237 - - [10/Oct/2013:16:55:19 ] "GET /explore HTTP/1.0" 200 2378 "http://searchengine.com" "Mozilla/5.0 (Macintosh; Intel Mac OS X 10_9_2) AppleWebKit/537.36 (KHTML, like Gecko) Chrome/36.0.1944.0 Safari/537.36"
233.192.62.103 - - [10/Oct/2013:16:57:33 ] "GET /wp-content HTTP/1.0" 200 2038 "http://searchengine.com" "Mozilla/5.0 (Windows; U; MSIE 9.0; WIndows NT 9.0; en-US))"
81.73.150.239 - - [10/Oct/2013:17:01:50 ] "GET /apps/cart.php?appID= HTTP/1.0" 200 4307 "http://www.makemypayments.com" "Mozilla/5.0 (iPad; CPU OS 6_0 like Mac OS X) AppleWebKit/536.26 (KHTML, like Gecko) Version/6.0 Mobile/10A5355d Safari/8536.25"
16.180.70.237 - - [10/Oct/2013:17:06:11 ] "GET /apps/cart.php?appID= HTTP/1.0" 200 3394 "http://yahoo.com/top_online_shops" "Mozilla/5.0 (Macintosh; Intel Mac OS X 10_9_2) AppleWebKit/537.36 (KHTML, like Gecko) Chrome/36.0.1944.0 Safari/537.36"
81.73.150.239 - - [10/Oct/2013:17:08:37 ] "GET /posts/posts/explore HTTP/1.0" 200 3956 "http://cred.club" "Mozilla/5.0 (Macintosh; Intel Mac OS X 10_9_2) AppleWebKit/537.36 (KHTML, like Gecko) Chrome/36.0.1944.0 Safari/537.36"
123.221.14.56 - - [10/Oct/2013:17:11:32 ] "GET /app/main/posts HTTP/1.0" 200 4844 "http://cred.club" "Mozilla/5.0 (iPad; CPU OS 6_0 like Mac OS X) AppleWebKit/536.26 (KHTML, like Gecko) Version/6.0 Mobile/10A5355d Safari/8536.25"
244.157.45.12 - - [10/Oct/2013:17:16:20 ] "GET /xmlrpc.php HTTP/1.0" 200 4293 "http://yahoo.com/top_online_shops" "Mozilla/5.0 (Linux; U; Android 2.3.5; en-us; HTC Vision Build/GRI40) AppleWebKit/533.1 (KHTML, like Gecko) Version/4.0 Mobile Safari/533.1"
10.182.189.79 - - [10/Oct/2013:17:20:30 ] "GET /posts/posts/explore HTTP/1.0" 200 3777 "-" "Mozilla/4.0 (compatible; MSIE 7.0; Windows NT 6.0)"
233.192.62.103 - - [10/Oct/2013:17:24:13 ] "GET /explore HTTP/1.0" 200 3271 "-" "Mozilla/5.0 (Windows; U; Windows NT 6.1; rv:2.2) Gecko/20110201"
218.193.16.244 - - [10/Oct/2013:17:27:35 ] "GET /app/main/posts HTTP/1.0" 200 3969 "-" "Mozilla/5.0 (Macintosh; Intel Mac OS X 10_9_2) AppleWebKit/537.36 (KHTML, like Gecko) Chrome/36.0.1944.0 Safari/537.36"
16.180.70.237 - - [10/Oct/2013:17:29:35 ] "GET /wp-admin HTTP/1.0" 200 2277 "http://www.makemypayments.com" "Mozilla/5.0 (Linux; U; Android 2.3.5; en-us; HTC Vision Build/GRI40) AppleWebKit/533.1 (KHTML, like Gecko) Version/4.0 Mobile Safari/533.1"
10.182.189.79 - - [10/Oct/2013:17:32:32 ] "GET /wp-content HTTP/1.0" 200 2012 "http://www.makemypayments.com" "Mozilla/5.0 (Macintosh; Intel Mac OS X 10_9_2) AppleWebKit/537.36 (KHTML, like Gecko) Chrome/36.0.1944.0 Safari/537.36"
244.157.45.12 - - [10/Oct/2013:17:34:53 ] "GET /wp-admin HTTP/1.0" 200 3060 "http://www.makemypayments.com" "Mozilla/5.0 (Linux; U; Android 2.3.5; en-us; HTC Vision Build/GRI40) AppleWebKit/533.1 (KHTML, like Gecko) Version/4.0 Mobile Safari/533.1"
16.180.70.237 - - [10/Oct/2013:17:37:21 ] "GET /list HTTP/1.0" 200 4764 "http://cred.club" "Mozilla/5.0 (Macintosh; Intel Mac OS X 10_9_2) AppleWebKit/537.36 (KHTML, like Gecko) Chrome/36.0.1944.0 Safari/537.36"
218.193.16.244 - - [10/Oct/2013:17:37:51 ] "GET /list HTTP/1.0" 200 4458 "http://yahoo.com/top_online_shops" "Mozilla/5.0 (Windows; U; MSIE 9.0; WIndows NT 9.0; en-US))"
198.122.118.164 - - [10/Oct/2013:17:42:39 ] "GET /wp-admin HTTP/1.0" 200 3533 "http://searchengine.com" "Mozilla/5.0 (iPad; CPU OS 6_0 like Mac OS X) AppleWebKit/536.26 (KHTML, like Gecko) Version/6.0 Mobile/10A5355d Safari/8536.25"
81.73.150.239 - - [10/Oct/2013:17:46:17 ] "GET /posts/posts/explore HTTP/1.0" 200 3078 "http://searchengine.com" "Mozilla/5.0 (Linux; U; Android 2.3.5; en-us; HTC Vision Build/GRI40) AppleWebKit/533.1 (KHTML, like Gecko) Version/4.0 Mobile Safari/533.1"
10.182.189.79 - - [10/Oct/2013:17:50:58 ] "GET /xmlrpc.php HTTP/1.0" 200 3685 "http://yahoo.com/top_online_shops" "Mozilla/5.0 (Windows; U; MSIE 9.0; WIndows NT 9.0; en-US))"
123.221.14.56 - - [10/Oct/2013:17:54:50 ] "GET /list HTTP/1.0" 200 3132 "http://yahoo.com/top_online_shops" "Mozilla/5.0 (iPad; CPU OS 6_0 like Mac OS X) AppleWebKit/536.26 (KHTML, like Gecko) Version/6.0 Mobile/10A5355d Safari/8536.25"
233.192.62.103 - - [10/Oct/2013:17:57:54 ] "GET /search/tag/list HTTP/1.0" 200 3796 "http://www.makemypayments.com" "Mozilla/5.0 (Macintosh; Intel Mac OS X 10_9_2) AppleWebKit/537.36 (KHTML, like Gecko) Chrome/36.0.1944.0 Safari/537.36"
114.214.178.92 - - [10/Oct/2013:18:01:17 ] "GET /xmlrpc.php HTTP/1.0" 200 3649 "http://www.makemypayments.com" "Mozilla/5.0 (Windows; U; Windows NT 6.1; rv:2.2) Gecko/20110201"
10.182.189.79 - - [10/Oct/2013:18:05:37 ] "GET /xmlrpc.php HTTP/1.0" 200 2867 "-" "Mozilla/5.0 (Linux; U; Android 2.3.5; en-us; HTC Vision Build/GRI40) AppleWebKit/533.1 (KHTML, like Gecko) Version/4.0 Mobile Safari/533.1"
10.182.189.79 - - [10/Oct/2013:18:10:06 ] "GET /apps/cart.php?appID= HTTP/1.0" 200 3695 "http://searchengine.com" "Mozilla/5.0 (iPad; CPU OS 6_0 like Mac OS X) AppleWebKit/536.26 (KHTML, like Gecko) Version/6.0 Mobile/10A5355d Safari/8536.25"
244.157.45.12 - - [10/Oct/2013:18:13:21 ] "GET /wp-admin HTTP/1.0" 200 4869 "http://yahoo.com/top_online_shops" "Mozilla/5.0 (Macintosh; Intel Mac OS X 10_9_2) AppleWebKit/537.36 (KHTML, like Gecko) Chrome/36.0.1944.0 Safari/537.36"
244.157.45.12 - - [10/Oct/2013:18:16:28 ] "GET /list HTTP/1.0" 200 4901 "http://yahoo.com/top_online_shops" "Mozilla/5.0 (Macintosh; Intel Mac OS X 10_9_2) AppleWebKit/537.36 (KHTML, like Gecko) Chrome/36.0.1944.0 Safari/537.36"
218.193.16.244 - - [10/Oct/2013:18:19:35 ] "GET /explore HTTP/1.0" 200 4963 "http://www.makemypayments.com" "Mozilla/4.0 (compatible; MSIE 7.0; Windows NT 6.0)"
123.221.14.56 - - [10/Oct/2013:18:22:44 ] "GET /apps/cart.php?appID= HTTP/1.0" 200 4352 "http://www.makemypayments.com" "Mozilla/5.0 (Macintosh; Intel Mac OS X 10_9_2) AppleWebKit/537.36 (KHTML, like Gecko) Chrome/36.0.1944.0 Safari/537.36"
16.180.70.237 - - [10/Oct/2013:18:27:19 ] "GET /apps/cart.php?appID= HTTP/1.0" 200 2037 "http://searchengine.com" "Mozilla/5.0 (Windows; U; Windows NT 6.1; rv:2.2) Gecko/20110201"
198.122.118.164 - - [10/Oct/2013:18:32:03 ] "GET /list HTTP/1.0" 200 2285 "http://searchengine.com" "Mozilla/5.0 (Linux; U; Android 2.3.5; en-us; HTC Vision Build/GRI40) AppleWebKit/533.1 (KHTML, like Gecko) Version/4.0 Mobile Safari/533.1"
244.157.45.12 - - [10/Oct/2013:18:35:05 ] "GET /apps/cart.php?appID= HTTP/1.0" 200 3849 "http://yahoo.com/top_online_shops" "Mozilla/5.0 (Windows; U; Windows NT 6.1; rv:2.2) Gecko/20110201"
10.182.189.79 - - [10/Oct/2013:18:37:44 ] "GET /app/main/posts HTTP/1.0" 200 3172 "http://yahoo.com/top_online_shops" "Mozilla/5.0 (Windows; U; MSIE 9.0; WIndows NT 9.0; en-US))"
123.221.14.56 - - [10/Oct/2013:18:40:07 ] "GET /apps/cart.php?appID= HTTP/1.0" 200 2725 "http://www.makemypayments.com" "Mozilla/5.0 (Windows; U; MSIE 9.0; WIndows NT 9.0; en-US))"
16.180.70.237 - - [10/Oct/2013:18:44:09 ] "GET /explore HTTP/1.0" 200 2130 "-" "Mozilla/5.0 (Windows; U; MSIE 9.0; WIndows NT 9.0; en-US))"
81.73.150.239 - - [10/Oct/2013:18:48:47 ] "GET /app/main/posts HTTP/1.0" 200 3860 "http://www.makemypayments.com" "Mozilla/5.0 (Windows; U; Windows NT 6.1; rv:2.2) Gecko/20110201"
114.214.178.92 - - [10/Oct/2013:18:52:11 ] "GET /search/tag/list HTTP/1.0" 200 3181 "http://searchengine.com" "Mozilla/5.0 (Macintosh; Intel Mac OS X 10_9_2) AppleWebKit/537.36 (KHTML, like Gecko) Chrome/36.0.1944.0 Safari/537.36"
244.157.45.12 - - [10/Oct/2013:18:54:49 ] "GET /posts/posts/explore HTTP/1.0" 200 2127 "http://www.makemypayments.com" "Mozilla/5.0 (Macintosh; Intel Mac OS X 10_9_2) AppleWebKit/537.36 (KHTML, like Gecko) Chrome/36.0.1944.0 Safari/537.36"
114.214.178.92 - - [10/Oct/2013:18:59:46 ] "GET /wp-content HTTP/1.0" 200 4558 "http://yahoo.com/top_online_shops" "Mozilla/4.0 (compatible; MSIE 7.0; Windows NT 6.0)"
16.180.70.237 - - [10/Oct/2013:19:04:32 ] "GET /list HTTP/1.0" 200 2226 "http://cred.club" "Mozilla/5.0 (Linux; U; Android 2.3.5; en-us; HTC Vision Build/GRI40) AppleWebKit/533.1 (KHTML, like Gecko) Version/4.0 Mobile Safari/533.1"
123.221.14.56 - - [10/Oct/2013:19:07:23 ] "GET /wp-admin HTTP/1.0" 200 2076 "-" "Mozilla/5.0 (Windows; U; MSIE 9.0; WIndows NT 9.0; en-US))"
81.73.150.239 - - [10/Oct/2013:19:09:42 ] "GET /xmlrpc.php HTTP/1.0" 200 4398 "-" "Mozilla/5.0 (Macintosh; Intel Mac OS X 10_9_2) AppleWebKit/537.36 (KHTML, like Gecko) Chrome/36.0.1944.0 Safari/537.36"
237.43.24.118 - - [10/Oct/2013:19:11:55 ] "GET /app/main/posts HTTP/1.0" 200 4778 "http://www.makemypayments.com" "Mozilla/5.0 (Macintosh; Intel Mac OS X 10_9_2) AppleWebKit/537.36 (KHTML, like Gecko) Chrome/36.0.1944.0 Safari/537.36"
237.43.24.118 - - [10/Oct/2013:19:12:42 ] "GET /apps/cart.php?appID= HTTP/1.0" 200 2510 "http://cred.club" "Mozilla/5.0 (Windows NT 5.1; rv:31.0) Gecko/20100101 Firefox/31.0"
233.192.62.103 - - [10/Oct/2013:19:13:25 ] "GET /list HTTP/1.0" 200 2524 "http://www.makemypayments.com" "Mozilla/5.0 (Macintosh; Intel Mac OS X 10_9_2) AppleWebKit/537.36 (KHTML, like Gecko) Chrome/36.0.1944.0 Safari/537.36"
233.192.62.103 - - [10/Oct/2013:19:16:34 ] "GET /xmlrpc.php HTTP/1.0" 200 2489 "http://cred.club" "Mozilla/5.0 (Linux; U; Android 2.3.5; en-us; HTC Vision Build/GRI40) AppleWebKit/533.1 (KHTML, like Gecko) Version/4.0 Mobile Safari/533.1"
123.221.14.56 - - [10/Oct/2013:19:20:32 ] "GET /explore HTTP/1.0" 200 2216 "http://cred.club" "Mozilla/5.0 (Linux; U; Android 2.3.5; en-us; HTC Vision Build/GRI40) AppleWebKit/533.1 (KHTML, like Gecko) Version/4.0 Mobile Safari/533.1"
10.182.189.79 - - [10/Oct/2013:19:23:56 ] "GET /app/main/posts HTTP/1.0" 200 3026 "http://www.makemypayments.com" "Mozilla/5.0 (Macintosh; Intel Mac OS X 10_9_2) AppleWebKit/537.36 (KHTML, like Gecko) Chrome/36.0.1944.0 Safari/537.36"
244.157.45.12 - - [10/Oct/2013:19:24:49 ] "GET /search/tag/list HTTP/1.0" 200 2727 "http://yahoo.com/top_online_shops" "Mozilla/5.0 (Macintosh; Intel Mac OS X 10_9_2) AppleWebKit/537.36 (KHTML, like Gecko) Chrome/36.0.1944.0 Safari/537.36"
218.193.16.244 - - [10/Oct/2013:19:27:37 ] "GET /explore HTTP/1.0" 200 3192 "-" "Mozilla/5.0 (Linux; U; Android 2.3.5; en-us; HTC Vision Build/GRI40) AppleWebKit/533.1 (KHTML, like Gecko) Version/4.0 Mobile Safari/533.1"
244.157.45.12 - - [10/Oct/2013:19:31:58 ] "GET /search/tag/list HTTP/1.0" 200 3820 "http://searchengine.com" "Mozilla/5.0 (Windows; U; MSIE 9.0; WIndows NT 9.0; en-US))"
114.214.178.92 - - [10/Oct/2013:19:33:16 ] "GET /list HTTP/1.0" 200 2164 "http://yahoo.com/top_online_shops" "Mozilla/5.0 (Macintosh; Intel Mac OS X 10_9_2) AppleWebKit/537.36 (KHTML, like Gecko) Chrome/36.0.1944.0 Safari/537.36"
81.73.150.239 - - [10/Oct/2013:19:35:30 ] "GET /explore HTTP/1.0" 200 3012 "http://cred.club" "Mozilla/5.0 (Windows NT 5.1; rv:31.0) Gecko/20100101 Firefox/31.0"
218.193.16.244 - - [10/Oct/2013:19:37:41 ] "GET /list HTTP/1.0" 200 2581 "http://cred.club" "Mozilla/5.0 (Windows; U; MSIE 9.0; WIndows NT 9.0; en-US))"
16.180.70.237 - - [10/Oct/2013:19:42:29 ] "GET /apps/cart.php?appID= HTTP/1.0" 200 2791 "http://yahoo.com/top_online_shops" "Mozilla/4.0 (compatible; MSIE 7.0; Windows NT 6.0)"
198.122.118.164 - - [10/Oct/2013:19:44:15 ] "GET /apps/cart.php?appID= HTTP/1.0" 200 3761 "http://yahoo.com/top_online_shops" "Mozilla/5.0 (Linux; U; Android 2.3.5; en-us; HTC Vision Build/GRI40) AppleWebKit/533.1 (KHTML, like Gecko) Version/4.0 Mobile Safari/533.1"
244.157.45.12 - - [10/Oct/2013:19:46:36 ] "GET /wp-content HTTP/1.0" 200 4274 "http://cred.club" "Mozilla/5.0 (Windows; U; MSIE 9.0; WIndows NT 9.0; en-US))"
16.180.70.237 - - [10/Oct/2013:19:48:56 ] "GET /list HTTP/1.0" 200 2754 "-" "Mozilla/5.0 (Windows NT 5.1; rv:31.0) Gecko/20100101 Firefox/31.0"
237.43.24.118 - - [10/Oct/2013:19:52:22 ] "GET /app/main/posts HTTP/1.0" 200 4044 "-" "Mozilla/5.0 (iPad; CPU OS 6_0 like Mac OS X) AppleWebKit/536.26 (KHTML, like Gecko) Version/6.0 Mobile/10A5355d Safari/8536.25"
198.122.118.164 - - [10/Oct/2013:19:55:54 ] "GET /wp-admin HTTP/1.0" 200 4886 "http://yahoo.com/top_online_shops" "Mozilla/4.0 (compatible; MSIE 7.0; Windows NT 6.0)"
123.221.14.56 - - [10/Oct/2013:19:57:08 ] "GET /apps/cart.php?appID= HTTP/1.0" 200 4387 "-" "Mozilla/5.0 (Macintosh; Intel Mac OS X 10_9_2) AppleWebKit/537.36 (KHTML, like Gecko) Chrome/36.0.1944.0 Safari/537.36"
10.182.189.79 - - [10/Oct/2013:19:58:13 ] "GET /list HTTP/1.0" 200 3856 "http://yahoo.com/top_online_shops" "Mozilla/5.0 (iPad; CPU OS 6_0 like Mac OS X) AppleWebKit/536.26 (KHTML, like Gecko) Version/6.0 Mobile/10A5355d Safari/8536.25"
114.214.178.92 - - [10/Oct/2013:19:59:36 ] "GET /apps/cart.php?appID= HTTP/1.0" 200 2563 "http://searchengine.com" "Mozilla/5.0 (Macintosh; Intel Mac OS X 10_9_2) AppleWebKit/537.36 (KHTML, like Gecko) Chrome/36.0.1944.0 Safari/537.36"
10.182.189.79 - - [10/Oct/2013:20:00:53 ] "GET /wp-admin HTTP/1.0" 200 3344 "http://www.makemypayments.com" "Mozilla/5.0 (iPad; CPU OS 6_0 like Mac OS X) AppleWebKit/536.26 (KHTML, like Gecko) Version/6.0 Mobile/10A5355d Safari/8536.25"
10.182.189.79 - - [10/Oct/2013:20:05:42 ] "GET /xmlrpc.php HTTP/1.0" 200 2094 "http://searchengine.com" "Mozilla/4.0 (compatible; MSIE 7.0; Windows NT 6.0)"
237.43.24.118 - - [10/Oct/2013:20:08:04 ] "GET /xmlrpc.php HTTP/1.0" 200 4602 "-" "Mozilla/5.0 (Linux; U; Android 2.3.5; en-us; HTC Vision Build/GRI40) AppleWebKit/533.1 (KHTML, like Gecko) Version/4.0 Mobile Safari/533.1"
233.192.62.103 - - [10/Oct/2013:20:11:27 ] "GET /apps/cart.php?appID= HTTP/1.0" 200 3075 "http://cred.club" "Mozilla/5.0 (Windows; U; MSIE 9.0; WIndows NT 9.0; en-US))"
81.73.150.239 - - [10/Oct/2013:20:16:18 ] "GET /wp-content HTTP/1.0" 200 4376 "http://cred.club" "Mozilla/4.0 (compatible; MSIE 7.0; Windows NT 6.0)"
218.193.16.244 - - [10/Oct/2013:20:19:47 ] "GET /list HTTP/1.0" 200 2353 "http://searchengine.com" "Mozilla/5.0 (Windows; U; MSIE 9.0; WIndows NT 9.0; en-US))"
16.180.70.237 - - [10/Oct/2013:20:24:42 ] "GET /xmlrpc.php HTTP/1.0" 200 3807 "http://www.makemypayments.com" "Mozilla/4.0 (compatible; MSIE 7.0; Windows NT 6.0)"
198.122.118.164 - - [10/Oct/2013:20:29:40 ] "GET /wp-content HTTP/1.0" 200 2150 "http://cred.club" "Mozilla/5.0 (Macintosh; Intel Mac OS X 10_9_2) AppleWebKit/537.36 (KHTML, like Gecko) Chrome/36.0.1944.0 Safari/537.36"
81.73.150.239 - - [10/Oct/2013:20:33:01 ] "GET /wp-admin HTTP/1.0" 200 3020 "http://cred.club" "Mozilla/5.0 (Windows; U; MSIE 9.0; WIndows NT 9.0; en-US))"
123.221.14.56 - - [10/Oct/2013:20:36:26 ] "GET /list HTTP/1.0" 200 2031 "http://cred.club" "Mozilla/5.0 (Linux; U; Android 2.3.5; en-us; HTC Vision Build/GRI40) AppleWebKit/533.1 (KHTML, like Gecko) Version/4.0 Mobile Safari/533.1"
218.193.16.244 - - [10/Oct/2013:20:40:21 ] "GET /apps/cart.php?appID= HTTP/1.0" 200 2510 "http://searchengine.com" "Mozilla/5.0 (Windows NT 5.1; rv:31.0) Gecko/20100101 Firefox/31.0"
218.193.16.244 - - [10/Oct/2013:20:42:28 ] "GET /list HTTP/1.0" 200 2891 "http://www.makemypayments.com" "Mozilla/4.0 (compatible; MSIE 7.0; Windows NT 6.0)"
10.182.189.79 - - [10/Oct/2013:20:44:16 ] "GET /xmlrpc.php HTTP/1.0" 200 2542 "http://cred.club" "Mozilla/4.0 (compatible; MSIE 7.0; Windows NT 6.0)"
10.182.189.79 - - [10/Oct/2013:20:49:00 ] "GET /wp-admin HTTP/1.0" 200 2756 "http://searchengine.com" "Mozilla/5.0 (Windows; U; MSIE 9.0; WIndows NT 9.0; en-US))"
233.192.62.103 - - [10/Oct/2013:20:50:58 ] "GET /list HTTP/1.0" 200 3610 "http://yahoo.com/top_online_shops" "Mozilla/5.0 (Linux; U; Android 2.3.5; en-us; HTC Vision Build/GRI40) AppleWebKit/533.1 (KHTML, like Gecko) Version/4.0 Mobile Safari/533.1"
123.221.14.56 - - [10/Oct/2013:20:54:57 ] "GET /xmlrpc.php HTTP/1.0" 200 4351 "http://www.makemypayments.com" "Mozilla/5.0 (Windows NT 5.1; rv:31.0) Gecko/20100101 Firefox/31.0"
123.221.14.56 - - [10/Oct/2013:20:58:44 ] "GET /wp-content HTTP/1.0" 200 2600 "http://searchengine.com" "Mozilla/5.0 (Windows NT 5.1; rv:31.0) Gecko/20100101 Firefox/31.0"
237.43.24.118 - - [10/Oct/2013:20:59:45 ] "GET /posts/posts/explore HTTP/1.0" 200 4289 "http://cred.club" "Mozilla/5.0 (Macintosh; Intel Mac OS X 10_9_2) AppleWebKit/537.36 (KHTML, like Gecko) Chrome/36.0.1944.0 Safari/537.36"
237.43.24.118 - - [10/Oct/2013:21:02:36 ] "GET /app/main/posts HTTP/1.0" 200 3438 "http://www.makemypayments.com" "Mozilla/5.0 (Macintosh; Intel Mac OS X 10_9_2) AppleWebKit/537.36 (KHTML, like Gecko) Chrome/36.0.1944.0 Safari/537.36"
233.192.62.103 - - [10/Oct/2013:21:03:33 ] "GET /wp-admin HTTP/1.0" 200 4836 "http://yahoo.com/top_online_shops" "Mozilla/5.0 (Linux; U; Android 2.3.5; en-us; HTC Vision Build/GRI40) AppleWebKit/533.1 (KHTML, like Gecko) Version/4.0 Mobile Safari/533.1"
16.180.70.237 - - [10/Oct/2013:21:05:26 ] "GET /search/tag/list HTTP/1.0" 200 3548 "http://cred.club" "Mozilla/5.0 (Windows NT 5.1; rv:31.0) Gecko/20100101 Firefox/31.0"
237.43.24.118 - - [10/Oct/2013:21:10:04 ] "GET /xmlrpc.php HTTP/1.0" 200 4765 "http://searchengine.com" "Mozilla/5.0 (Windows; U; Windows NT 6.1; rv:2.2) Gecko/20110201"
114.214.178.92 - - [10/Oct/2013:21:11:25 ] "GET /posts/posts/explore HTTP/1.0" 200 3755 "http://searchengine.com" "Mozilla/5.0 (Windows NT 5.1; rv:31.0) Gecko/20100101 Firefox/31.0"
237.43.24.118 - - [10/Oct/2013:21:12:00 ] "GET /wp-admin HTTP/1.0" 200 4929 "-" "Mozilla/4.0 (compatible; MSIE 7.0; Windows NT 6.0)"
218.193.16.244 - - [10/Oct/2013:21:13:33 ] "GET /app/main/posts HTTP/1.0" 200 2468 "http://www.makemypayments.com" "Mozilla/5.0 (Windows; U; MSIE 9.0; WIndows NT 9.0; en-US))"
244.157.45.12 - - [10/Oct/2013:21:14:14 ] "GET /posts/posts/explore HTTP/1.0" 200 3793 "-" "Mozilla/5.0 (Windows; U; MSIE 9.0; WIndows NT 9.0; en-US))"
233.192.62.103 - - [10/Oct/2013:21:17:47 ] "GET /wp-content HTTP/1.0" 200 2406 "http://yahoo.com/top_online_shops" "Mozilla/5.0 (Windows NT 5.1; rv:31.0) Gecko/20100101 Firefox/31.0"
233.192.62.103 - - [10/Oct/2013:21:22:31 ] "GET /wp-admin HTTP/1.0" 200 3565 "http://searchengine.com" "Mozilla/5.0 (Linux; U; Android 2.3.5; en-us; HTC Vision Build/GRI40) AppleWebKit/533.1 (KHTML, like Gecko) Version/4.0 Mobile Safari/533.1"
81.73.150.239 - - [10/Oct/2013:21:23:31 ] "GET /apps/cart.php?appID= HTTP/1.0" 200 2583 "http://cred.club" "Mozilla/5.0 (Windows; U; MSIE 9.0; WIndows NT 9.0; en-US))"
198.122.118.164 - - [10/Oct/2013:21:28:01 ] "GET /apps/cart.php?appID= HTTP/1.0" 200 3379 "http://searchengine.com" "Mozilla/5.0 (Windows; U; MSIE 9.0; WIndows NT 9.0; en-US))"
16.180.70.237 - - [10/Oct/2013:21:30:58 ] "GET /app/main/posts HTTP/1.0" 200 4559 "-" "Mozilla/5.0 (Windows; U; Windows NT 6.1; rv:2.2) Gecko/20110201"
123.221.14.56 - - [10/Oct/2013:21:34:43 ] "GET /search/tag/list HTTP/1.0" 200 4985 "-" "Mozilla/5.0 (Windows; U; MSIE 9.0; WIndows NT 9.0; en-US))"
10.182.189.79 - - [10/Oct/2013:21:38:17 ] "GET /app/main/posts HTTP/1.0" 200 4220 "-" "Mozilla/5.0 (Linux; U; Android 2.3.5; en-us; HTC Vision Build/GRI40) AppleWebKit/533.1 (KHTML, like Gecko) Version/4.0 Mobile Safari/533.1"
81.73.150.239 - - [10/Oct/2013:21:40:14 ] "GET /list HTTP/1.0" 200 3271 "http://searchengine.com" "Mozilla/4.0 (compatible; MSIE 7.0; Windows NT 6.0)"
81.73.150.239 - - [10/Oct/2013:21:43:04 ] "GET /search/tag/list HTTP/1.0" 200 3036 "http://searchengine.com" "Mozilla/5.0 (iPad; CPU OS 6_0 like Mac OS X) AppleWebKit/536.26 (KHTML, like Gecko) Version/6.0 Mobile/10A5355d Safari/8536.25"
16.180.70.237 - - [10/Oct/2013:21:43:47 ] "GET /apps/cart.php?appID= HTTP/1.0" 200 3556 "http://cred.club" "Mozilla/5.0 (Windows; U; MSIE 9.0; WIndows NT 9.0; en-US))"
114.214.178.92 - - [10/Oct/2013:21:46:21 ] "GET /wp-admin HTTP/1.0" 200 4542 "http://yahoo.com/top_online_shops" "Mozilla/5.0 (iPad; CPU OS 6_0 like Mac OS X) AppleWebKit/536.26 (KHTML, like Gecko) Version/6.0 Mobile/10A5355d Safari/8536.25"
237.43.24.118 - - [10/Oct/2013:21:48:12 ] "GET /apps/cart.php?appID= HTTP/1.0" 200 2196 "-" "Mozilla/5.0 (Windows; U; MSIE 9.0; WIndows NT 9.0; en-US))"
244.157.45.12 - - [10/Oct/2013:21:50:21 ] "GET /posts/posts/explore HTTP/1.0" 200 2690 "http://yahoo.com/top_online_shops" "Mozilla/5.0 (iPad; CPU OS 6_0 like Mac OS X) AppleWebKit/536.26 (KHTML, like Gecko) Version/6.0 Mobile/10A5355d Safari/8536.25"
123.221.14.56 - - [10/Oct/2013:21:54:07 ] "GET /search/tag/list HTTP/1.0" 200 3183 "http://yahoo.com/top_online_shops" "Mozilla/5.0 (Windows; U; Windows NT 6.1; rv:2.2) Gecko/20110201"
244.157.45.12 - - [10/Oct/2013:21:58:16 ] "GET /app/main/posts HTTP/1.0" 200 2569 "-" "Mozilla/4.0 (compatible; MSIE 7.0; Windows NT 6.0)"
218.193.16.244 - - [10/Oct/2013:22:02:39 ] "GET /list HTTP/1.0" 200 3841 "http://www.makemypayments.com" "Mozilla/5.0 (Macintosh; Intel Mac OS X 10_9_2) AppleWebKit/537.36 (KHTML, like Gecko) Chrome/36.0.1944.0 Safari/537.36"
81.73.150.239 - - [10/Oct/2013:22:05:40 ] "GET /search/tag/list HTTP/1.0" 200 4445 "http://cred.club" "Mozilla/5.0 (Macintosh; Intel Mac OS X 10_9_2) AppleWebKit/537.36 (KHTML, like Gecko) Chrome/36.0.1944.0 Safari/537.36"
244.157.45.12 - - [10/Oct/2013:22:07:23 ] "GET /wp-content HTTP/1.0" 200 3877 "http://www.makemypayments.com" "Mozilla/5.0 (Macintosh; Intel Mac OS X 10_9_2) AppleWebKit/537.36 (KHTML, like Gecko) Chrome/36.0.1944.0 Safari/537.36"
10.182.189.79 - - [10/Oct/2013:22:09:05 ] "GET /posts/posts/explore HTTP/1.0" 200 2122 "http://www.makemypayments.com" "Mozilla/5.0 (Windows NT 5.1; rv:31.0) Gecko/20100101 Firefox/31.0"
114.214.178.92 - - [10/Oct/2013:22:13:04 ] "GET /app/main/posts HTTP/1.0" 200 2214 "http://yahoo.com/top_online_shops" "Mozilla/4.0 (compatible; MSIE 7.0; Windows NT 6.0)"
16.180.70.237 - - [10/Oct/2013:22:15:20 ] "GET /apps/cart.php?appID= HTTP/1.0" 200 2061 "http://searchengine.com" "Mozilla/5.0 (iPad; CPU OS 6_0 like Mac OS X) AppleWebKit/536.26 (KHTML, like Gecko) Version/6.0 Mobile/10A5355d Safari/8536.25"
218.193.16.244 - - [10/Oct/2013:22:19:09 ] "GET /explore HTTP/1.0" 200 3887 "http://searchengine.com" "Mozilla/5.0 (Macintosh; Intel Mac OS X 10_9_2) AppleWebKit/537.36 (KHTML, like Gecko) Chrome/36.0.1944.0 Safari/537.36"
233.192.62.103 - - [10/Oct/2013:22:22:17 ] "GET /wp-content HTTP/1.0" 200 4628 "-" "Mozilla/5.0 (Windows NT 5.1; rv:31.0) Gecko/20100101 Firefox/31.0"
244.157.45.12 - - [10/Oct/2013:22:26:47 ] "GET /explore HTTP/1.0" 200 4848 "http://cred.club" "Mozilla/5.0 (iPad; CPU OS 6_0 like Mac OS X) AppleWebKit/536.26 (KHTML, like Gecko) Version/6.0 Mobile/10A5355d Safari/8536.25"
10.182.189.79 - - [10/Oct/2013:22:31:15 ] "GET /wp-content HTTP/1.0" 200 3260 "http://searchengine.com" "Mozilla/5.0 (Windows; U; MSIE 9.0; WIndows NT 9.0; en-US))"
218.193.16.244 - - [10/Oct/2013:22:34:30 ] "GET /xmlrpc.php HTTP/1.0" 200 3117 "http://www.makemypayments.com" "Mozilla/5.0 (Windows; U; Windows NT 6.1; rv:2.2) Gecko/20110201"
198.122.118.164 - - [10/Oct/2013:22:37:27 ] "GET /wp-content HTTP/1.0" 200 4674 "http://searchengine.com" "Mozilla/5.0 (Windows; U; Windows NT 6.1; rv:2.2) Gecko/20110201"
16.180.70.237 - - [10/Oct/2013:22:41:30 ] "GET /wp-admin HTTP/1.0" 200 4488 "http://www.makemypayments.com" "Mozilla/5.0 (Windows; U; Windows NT 6.1; rv:2.2) Gecko/20110201"
233.192.62.103 - - [10/Oct/2013:22:43:48 ] "GET /apps/cart.php?appID= HTTP/1.0" 200 2213 "http://searchengine.com" "Mozilla/5.0 (Windows; U; MSIE 9.0; WIndows NT 9.0; en-US))"
198.122.118.164 - - [10/Oct/2013:22:48:04 ] "GET /list HTTP/1.0" 200 2559 "-" "Mozilla/5.0 (Linux; U; Android 2.3.5; en-us; HTC Vision Build/GRI40) AppleWebKit/533.1 (KHTML, like Gecko) Version/4.0 Mobile Safari/533.1"
233.192.62.103 - - [10/Oct/2013:22:49:44 ] "GET /list HTTP/1.0" 200 3903 "-" "Mozilla/5.0 (Windows; U; MSIE 9.0; WIndows NT 9.0; en-US))"
114.214.178.92 - - [10/Oct/2013:22:52:58 ] "GET /list HTTP/1.0" 200 4438 "-" "Mozilla/5.0 (Windows; U; MSIE 9.0; WIndows NT 9.0; en-US))"
10.182.189.79 - - [10/Oct/2013:22:55:35 ] "GET /xmlrpc.php HTTP/1.0" 200 3235 "http://searchengine.com" "Mozilla/5.0 (Macintosh; Intel Mac OS X 10_9_2) AppleWebKit/537.36 (KHTML, like Gecko) Chrome/36.0.1944.0 Safari/537.36"
198.122.118.164 - - [10/Oct/2013:22:58:50 ] "GET /app/main/posts HTTP/1.0" 200 4259 "http://searchengine.com" "Mozilla/5.0 (Windows; U; Windows NT 6.1; rv:2.2) Gecko/20110201"
16.180.70.237 - - [10/Oct/2013:23:02:40 ] "GET /explore HTTP/1.0" 200 4260 "http://cred.club" "Mozilla/5.0 (iPad; CPU OS 6_0 like Mac OS X) AppleWebKit/536.26 (KHTML, like Gecko) Version/6.0 Mobile/10A5355d Safari/8536.25"
16.180.70.237 - - [10/Oct/2013:23:06:44 ] "GET /explore HTTP/1.0" 200 2981 "-" "Mozilla/5.0 (Windows; U; Windows NT 6.1; rv:2.2) Gecko/20110201"
244.157.45.12 - - [10/Oct/2013:23:08:44 ] "GET /xmlrpc.php HTTP/1.0" 200 4945 "http://cred.club" "Mozilla/4.0 (compatible; MSIE 7.0; Windows NT 6.0)"
244.157.45.12 - - [10/Oct/2013:23:13:28 ] "GET /explore HTTP/1.0" 200 4626 "http://cred.club" "Mozilla/5.0 (Windows; U; Windows NT 6.1; rv:2.2) Gecko/20110201"
